ARM Linker, 5.03 [Build 76] [MDK-ARM Professional]

==============================================================================

Section Cross References

    main.o(i.AppTaskAtmos) refers to rt_event.o(i.rt_evt_wait) for rt_evt_wait
    main.o(i.AppTaskAtmos) refers to main.o(.data) for HandleTaskWdg
    main.o(i.AppTaskAtmos) refers to rt_event.o(i.rt_evt_set) for rt_evt_set
    main.o(i.AppTaskComm) refers to rt_time.o(i.rt_dly_wait) for rt_dly_wait
    main.o(i.AppTaskComm) refers to main.o(.data) for HandleTaskWdg
    main.o(i.AppTaskComm) refers to rt_event.o(i.rt_evt_set) for rt_evt_set
    main.o(i.AppTaskCreate) refers to main.o(.bss) for AppTaskSTAStk
    main.o(i.AppTaskCreate) refers to main.o(i.AppTaskSTA) for AppTaskSTA
    main.o(i.AppTaskCreate) refers to rt_task.o(i.rt_tsk_create) for rt_tsk_create
    main.o(i.AppTaskCreate) refers to main.o(.data) for HandleTaskSTA
    main.o(i.AppTaskCreate) refers to main.o(i.AppTaskMsgPro) for AppTaskMsgPro
    main.o(i.AppTaskCreate) refers to main.o(i.AppTaskDAQ) for AppTaskDAQ
    main.o(i.AppTaskCreate) refers to main.o(i.AppTaskHumit) for AppTaskHumit
    main.o(i.AppTaskCreate) refers to main.o(i.AppTaskAtmos) for AppTaskAtmos
    main.o(i.AppTaskCreate) refers to main.o(i.AppTaskWaterTemp) for AppTaskWaterTemp
    main.o(i.AppTaskCreate) refers to main.o(i.AppTaskComm) for AppTaskComm
    main.o(i.AppTaskCreate) refers to main.o(i.AppTaskCtl) for AppTaskCtl
    main.o(i.AppTaskCreate) refers to main.o(i.AppTaskGauge) for AppTaskGauge
    main.o(i.AppTaskCreate) refers to main.o(i.AppTaskWdg) for AppTaskWdg
    main.o(i.AppTaskCtl) refers to rt_time.o(i.rt_dly_wait) for rt_dly_wait
    main.o(i.AppTaskCtl) refers to main.o(.data) for HandleTaskWdg
    main.o(i.AppTaskCtl) refers to rt_event.o(i.rt_evt_set) for rt_evt_set
    main.o(i.AppTaskDAQ) refers to rt_time.o(i.rt_dly_wait) for rt_dly_wait
    main.o(i.AppTaskDAQ) refers to main.o(.data) for HandleTaskWdg
    main.o(i.AppTaskDAQ) refers to rt_event.o(i.rt_evt_set) for rt_evt_set
    main.o(i.AppTaskGauge) refers to bsp_led.o(i.bsp_Led1Toggle) for bsp_Led1Toggle
    main.o(i.AppTaskGauge) refers to printfa.o(i.__0printf) for __2printf
    main.o(i.AppTaskGauge) refers to main.o(i.R_485_Ctrl) for R_485_Ctrl
    main.o(i.AppTaskGauge) refers to bsp_user_lib.o(i.Read_From_Gauge) for Read_From_Gauge
    main.o(i.AppTaskGauge) refers to bsp_user_lib.o(i.Analyze_Gauge) for Analyze_Gauge
    main.o(i.AppTaskGauge) refers to rt_event.o(i.rt_evt_wait) for rt_evt_wait
    main.o(i.AppTaskGauge) refers to rt_event.o(i.rt_evt_get) for rt_evt_get
    main.o(i.AppTaskGauge) refers to main.o(.data) for Cmd_Type
    main.o(i.AppTaskGauge) refers to rt_event.o(i.rt_evt_set) for rt_evt_set
    main.o(i.AppTaskGauge) refers to rt_time.o(i.rt_dly_wait) for rt_dly_wait
    main.o(i.AppTaskHumit) refers to main.o(i.R_485_Ctrl) for R_485_Ctrl
    main.o(i.AppTaskHumit) refers to bsp_user_lib.o(i.Read_From_WSD) for Read_From_WSD
    main.o(i.AppTaskHumit) refers to bsp_user_lib.o(i.Analyze_Humit) for Analyze_Humit
    main.o(i.AppTaskHumit) refers to rt_event.o(i.rt_evt_wait) for rt_evt_wait
    main.o(i.AppTaskHumit) refers to rt_event.o(i.rt_evt_get) for rt_evt_get
    main.o(i.AppTaskHumit) refers to main.o(.data) for Cmd_Type
    main.o(i.AppTaskHumit) refers to rt_event.o(i.rt_evt_set) for rt_evt_set
    main.o(i.AppTaskMsgPro) refers to bsp_user_lib.o(i.Process_Host_Message) for Process_Host_Message
    main.o(i.AppTaskSTA) refers to bsp_led.o(i.bsp_Led3Toggle) for bsp_Led3Toggle
    main.o(i.AppTaskSTA) refers to rt_event.o(i.rt_evt_wait) for rt_evt_wait
    main.o(i.AppTaskSTA) refers to rt_time.o(i.rt_dly_wait) for rt_dly_wait
    main.o(i.AppTaskSTA) refers to main.o(.data) for HandleTaskWdg
    main.o(i.AppTaskSTA) refers to rt_event.o(i.rt_evt_set) for rt_evt_set
    main.o(i.AppTaskStart) refers to main.o(i.AppTaskCreate) for AppTaskCreate
    main.o(i.AppTaskStart) refers to rt_time.o(i.rt_dly_wait) for rt_dly_wait
    main.o(i.AppTaskStart) refers to main.o(.data) for HandleTaskWdg
    main.o(i.AppTaskStart) refers to rt_event.o(i.rt_evt_set) for rt_evt_set
    main.o(i.AppTaskWdg) refers to stm32f10x_iwdg.o(i.IWDG_ReloadCounter) for IWDG_ReloadCounter
    main.o(i.AppTaskWdg) refers to rt_event.o(i.rt_evt_wait) for rt_evt_wait
    main.o(i.AppTaskWdg) refers to bsp_user_lib.o(.data) for stop_wdg_flag
    main.o(i.Fun_CallBack1) refers to main.o(.data) for HandleTaskGauge
    main.o(i.Fun_CallBack1) refers to rt_event.o(i.rt_evt_set) for rt_evt_set
    main.o(i.RTC_IRQHandler) refers to stm32f10x_rtc.o(i.RTC_GetITStatus) for RTC_GetITStatus
    main.o(i.RTC_IRQHandler) refers to stm32f10x_rtc.o(i.RTC_ClearITPendingBit) for RTC_ClearITPendingBit
    main.o(i.RTC_IRQHandler) refers to bsp_user_lib.o(.data) for timer0
    main.o(i.TASK1_CallBack1) refers to rt_time.o(i.rt_dly_wait) for rt_dly_wait
    main.o(i.TASK1_CallBack2) refers to main.o(.data) for HandleTaskWdg
[...]
    __tagsym$$used                           0x0800610c   Number         0  rtx_conf_cm.o(.constdata)
    __tagsym$$used                           0x08006110   Number         0  rtx_conf_cm.o(.constdata)
    .constdata                               0x08006120   Section       75  bsp.o(.constdata)
    .constdata                               0x0800616b   Section      542  bsp_user_lib.o(.constdata)
    s_CRCHi                                  0x0800616b   Data         256  bsp_user_lib.o(.constdata)
    .constdata                               0x08006389   Section       12  bsp_cpu_rtc.o(.constdata)
    .constdata                               0x08006398   Section        4  rt_system.o(.constdata)
    __tagsym$$used                           0x08006398   Number         0  rt_system.o(.constdata)
    .constdata                               0x0800639c   Section      129  ctype_o.o(.constdata)
    .constdata                               0x08006420   Section        4  ctype_o.o(.constdata)
    table                                    0x08006420   Data           4  ctype_o.o(.constdata)
    .data                                    0x20000000   Section       56  main.o(.data)
    first_read_flag                          0x20000029   Data           1  main.o(.data)
    .data                                    0x20000038   Section        4  rtx_conf_cm.o(.data)
    .data                                    0x2000003c   Section       16  bsp.o(.data)
    .data                                    0x2000004c   Section        4  bsp_uart_fifo.o(.data)
    .data                                    0x20000050   Section      420  bsp_user_lib.o(.data)
    TxBuffer5                                0x2000006c   Data           1  bsp_user_lib.o(.data)
    temp_ptr                                 0x20000091   Data           1  bsp_user_lib.o(.data)
    ID                                       0x20000092   Data          84  bsp_user_lib.o(.data)
    ALT                                      0x200000e6   Data          47  bsp_user_lib.o(.data)
    DNO                                      0x20000118   Data          39  bsp_user_lib.o(.data)
    SENST                                    0x2000013f   Data          53  bsp_user_lib.o(.data)
    .data                                    0x200001f4   Section       20  stm32f10x_it.o(.data)
    .data                                    0x20000208   Section       10  bsp_cpu_rtc.o(.data)
    daycnt                                   0x20000208   Data           2  bsp_cpu_rtc.o(.data)
    .data                                    0x20000212   Section       20  stm32f10x_rcc.o(.data)
    APBAHBPrescTable                         0x20000212   Data          16  stm32f10x_rcc.o(.data)
    ADCPrescTable                            0x20000222   Data           4  stm32f10x_rcc.o(.data)
    .data                                    0x20000228   Section        8  rt_robin.o(.data)
    .data                                    0x20000230   Section        7  rt_system.o(.data)
    os_lock                                  0x20000234   Data           1  rt_system.o(.data)
    os_psh_flag                              0x20000235   Data           1  rt_system.o(.data)
    pend_flags                               0x20000236   Data           1  rt_system.o(.data)
    .data                                    0x20000238   Section        8  rt_task.o(.data)
    .data                                    0x20000240   Section        4  rt_time.o(.data)
    .data                                    0x20000244   Section        8  rt_timer.o(.data)
    .data                                    0x2000024c   Section        4  strtok.o(.data)
    state                                    0x2000024c   Data           4  strtok.o(.data)
    .data                                    0x20000250   Section        4  errno.o(.data)
    _errno                                   0x20000250   Data           4  errno.o(.data)
    .bss                                     0x20000258   Section    30976  main.o(.bss)
    AppTaskCommStk                           0x20000258   Data        4096  main.o(.bss)
    AppTaskWdgStk                            0x20001258   Data         256  main.o(.bss)
    AppTaskDAQStk                            0x20001358   Data         512  main.o(.bss)
    AppTaskSTAStk                            0x20001558   Data         512  main.o(.bss)
    AppTaskAtmosStk                          0x20001758   Data        2048  main.o(.bss)
    AppTaskHumitStk                          0x20001f58   Data        2048  main.o(.bss)
    AppTaskCtlStk                            0x20002758   Data         512  main.o(.bss)
    AppTaskGaugeStk                          0x20002958   Data        2048  main.o(.bss)
    AppTaskWaterTempStk                      0x20003158   Data        2048  main.o(.bss)
    AppTaskStartStk                          0x20003958   Data       16384  main.o(.bss)
    AppTaskMsgProStk                         0x20007958   Data         512  main.o(.bss)
    .bss                                     0x20007b58   Section     1788  rtx_conf_cm.o(.bss)
    .bss                                     0x20008254   Section      220  bsp.o(.bss)
    .bss                                     0x20008330   Section     1872  bsp_uart_fifo.o(.bss)
    g_tUart1                                 0x20008330   Data          40  bsp_uart_fifo.o(.bss)
    g_TxBuf1                                 0x20008358   Data         512  bsp_uart_fifo.o(.bss)
    g_RxBuf1                                 0x20008558   Data         128  bsp_uart_fifo.o(.bss)
    g_tUart3                                 0x200085d8   Data          40  bsp_uart_fifo.o(.bss)
    g_TxBuf3                                 0x20008600   Data        1024  bsp_uart_fifo.o(.bss)
    g_RxBuf3                                 0x20008a00   Data         128  bsp_uart_fifo.o(.bss)
    .bss                                     0x20008a80   Section     2308  bsp_user_lib.o(.bss)
    ucaGprsBuf                               0x20008aa4   Data         254  bsp_user_lib.o(.bss)
    strIn                                    0x20008e0c   Data          40  bsp_user_lib.o(.bss)
    cmdItem                                  0x20008e34   Data          80  bsp_user_lib.o(.bss)
    strOut                                   0x20008e84   Data        1280  bsp_user_lib.o(.bss)
    .bss                                     0x20009384   Section      192  stm32f10x_it.o(.bss)
    .bss                                     0x20009444   Section       48  rt_list.o(.bss)
    .bss                                     0x20009474   Section       56  rt_task.o(.bss)
    STACK                                    0x200094b0   Section     2048  startup_stm32f10x_hd.o(STACK)

    Global Symbols

    Symbol Name                              Value     Ov Type        Size  Object(Section)

    BuildAttributes$$THM_ISAv4$P$D$K$B$S$PE$A:L22UL41UL21$X:L11$S22US41US21$IEEE1$IW$USESV6$~STKCKD$USESV7$~SHL$OTIME$ROPI$IEEEJ$EBA8$MICROLIB$REQ8$PRES8$EABIv2 0x00000000   Number         0  anon$$obj.o ABSOLUTE
    __ARM_use_no_argv                        0x00000000   Number         0  main.o ABSOLUTE
    __use_no_errno                           0x00000000   Number         0  useno.o ABSOLUTE
    __use_no_exception_handling              0x00000000   Number         0  useno.o ABSOLUTE
    __use_no_fp                              0x00000000   Number         0  useno.o ABSOLUTE
    __use_no_heap                            0x00000000   Number         0  useno.o ABSOLUTE
    __use_no_heap_region                     0x00000000   Number         0  useno.o ABSOLUTE
    __use_no_semihosting                     0x00000000   Number         0  useno.o ABSOLUTE
    __use_no_semihosting_swi                 0x00000000   Number         0  useno.o ABSOLUTE
    __use_no_signal_handling                 0x00000000   Number         0  useno.o ABSOLUTE
    _printf_a                                0x00000000   Number         0  stubs.o ABSOLUTE
    _printf_c                                0x00000000   Number         0  stubs.o ABSOLUTE
    _printf_charcount                        0x00000000   Number         0  stubs.o ABSOLUTE
    _printf_d                                0x00000000   Number         0  stubs.o ABSOLUTE
    _printf_e                                0x00000000   Number         0  stubs.o ABSOLUTE
    _printf_f                                0x00000000   Number         0  stubs.o ABSOLUTE
    _printf_flags                            0x00000000   Number         0  stubs.o ABSOLUTE
    _printf_fp_dec                           0x00000000   Number         0  stubs.o ABSOLUTE
    _printf_fp_hex                           0x00000000   Number         0  stubs.o ABSOLUTE
    _printf_g                                0x00000000   Number         0  stubs.o ABSOLUTE
    _printf_i                                0x00000000   Number         0  stubs.o ABSOLUTE
    _printf_int_dec                          0x00000000   Number         0  stubs.o ABSOLUTE
    _printf_l                                0x00000000   Number         0  stubs.o ABSOLUTE
    _printf_lc                               0x00000000   Number         0  stubs.o ABSOLUTE
    _printf_ll                               0x00000000   Number         0  stubs.o ABSOLUTE
    _printf_lld                              0x00000000   Number         0  stubs.o ABSOLUTE
    _printf_lli                              0x00000000   Number         0  stubs.o ABSOLUTE
    _printf_llo                              0x00000000   Number         0  stubs.o ABSOLUTE
    _printf_llu                              0x00000000   Number         0  stubs.o ABSOLUTE
    _printf_llx                              0x00000000   Number         0  stubs.o ABSOLUTE
    _printf_longlong_dec                     0x00000000   Number         0  stubs.o ABSOLUTE
    _printf_longlong_hex                     0x00000000   Number         0  stubs.o ABSOLUTE
    _printf_longlong_oct                     0x00000000   Number         0  stubs.o ABSOLUTE
    _printf_ls                               0x00000000   Number         0  stubs.o ABSOLUTE
    _printf_mbtowc                           0x00000000   Number         0  stubs.o ABSOLUTE
    _printf_n                                0x00000000   Number         0  stubs.o ABSOLUTE
    _printf_o                                0x00000000   Number         0  stubs.o ABSOLUTE
    _printf_p                                0x00000000   Number         0  stubs.o ABSOLUTE
    _printf_percent                          0x00000000   Number         0  stubs.o ABSOLUTE
    _printf_pre_padding                      0x00000000   Number         0  stubs.o ABSOLUTE
    _printf_return_value                     0x00000000   Number         0  stubs.o ABSOLUTE
    _printf_s                                0x00000000   Number         0  stubs.o ABSOLUTE
    _printf_sizespec                         0x00000000   Number         0  stubs.o ABSOLUTE
    _printf_str                              0x00000000   Number         0  stubs.o ABSOLUTE
    _printf_truncate_signed                  0x00000000   Number         0  stubs.o ABSOLUTE
    _printf_truncate_unsigned                0x00000000   Number         0  stubs.o ABSOLUTE
    _printf_u                                0x00000000   Number         0  stubs.o ABSOLUTE
    _printf_wc                               0x00000000   Number         0  stubs.o ABSOLUTE
    _printf_wctomb                           0x00000000   Number         0  stubs.o ABSOLUTE
    _printf_widthprec                        0x00000000   Number         0  stubs.o ABSOLUTE
    _printf_x                                0x00000000   Number         0  stubs.o ABSOLUTE
    __cpp_initialize__aeabi_                  - Undefined Weak Reference
    __cxa_finalize                            - Undefined Weak Reference
    _clock_init                               - Undefined Weak Reference
    _microlib_exit                            - Undefined Weak Reference
    __Vectors_Size                           0x00000130   Number         0  startup_stm32f10x_hd.o ABSOLUTE
    __RL_RTX_VER                             0x00000473   Number         0  rt_system.o ABSOLUTE
    __Vectors                                0x08000000   Data           4  startup_stm32f10x_hd.o(RESET)
    __Vectors_End                            0x08000130   Data           0  startup_stm32f10x_hd.o(RESET)
    __main                                   0x08000131   Thumb Code     0  entry.o(.ARM.Collect$$$$00000000)
    _main_stk                                0x08000131   Thumb Code     0  entry2.o(.ARM.Collect$$$$00000001)
    _main_scatterload                        0x08000135   Thumb Code     0  entry5.o(.ARM.Collect$$$$00000004)
    __main_after_scatterload                 0x08000139   Thumb Code     0  entry5.o(.ARM.Collect$$$$00000004)
    _main_clock                              0x08000139   Thumb Code     0  entry7b.o(.ARM.Collect$$$$00000008)
    _main_cpp_init                           0x08000139   Thumb Code     0  entry8b.o(.ARM.Collect$$$$0000000A)
    _main_init                               0x08000139   Thumb Code     0  entry9a.o(.ARM.Collect$$$$0000000B)
    __rt_final_cpp                           0x08000141   Thumb Code     0  entry10a.o(.ARM.Collect$$$$0000000D)
    __rt_final_exit                          0x08000141   Thumb Code     0  entry11a.o(.ARM.Collect$$$$0000000F)
    rt_set_PSP                               0x08000145   Thumb Code     6  hal_cm3.o(.emb_text)
    rt_get_PSP                               0x0800014b   Thumb Code     6  hal_cm3.o(.emb_text)
    os_set_env                               0x08000151   Thumb Code    24  hal_cm3.o(.emb_text)
    _alloc_box                               0x0800016d   Thumb Code    28  hal_cm3.o(.emb_text)
    _free_box                                0x0800018d   Thumb Code    28  hal_cm3.o(.emb_text)
    SVC_Handler                              0x080001ad   Thumb Code   124  hal_cm3.o(.emb_text)
    PendSV_Handler                           0x08000235   Thumb Code    76  hal_cm3.o(.emb_text)
    SysTick_Handler                          0x08000285   Thumb Code     8  hal_cm3.o(.emb_text)
    OS_Tick_Handler                          0x0800028d   Thumb Code    12  hal_cm3.o(.emb_text)
    Reset_Handler                            0x08000299   Thumb Code     8  startup_stm32f10x_hd.o(.text)
    ADC1_2_IRQHandler                        0x080002c3   Thumb Code     0  startup_stm32f10x_hd.o(.text)
    ADC3_IRQHandler                          0x080002c3   Thumb Code     0  startup_stm32f10x_hd.o(.text)
    CAN1_RX1_IRQHandler                      0x080002c3   Thumb Code     0  startup_stm32f10x_hd.o(.text)
    CAN1_SCE_IRQHandler                      0x080002c3   Thumb Code     0  startup_stm32f10x_hd.o(.text)
    DMA1_Channel1_IRQHandler                 0x080002c3   Thumb Code     0  startup_stm32f10x_hd.o(.text)
    DMA1_Channel2_IRQHandler                 0x080002c3   Thumb Code     0  startup_stm32f10x_hd.o(.text)
    DMA1_Channel3_IRQHandler                 0x080002c3   Thumb Code     0  startup_stm32f10x_hd.o(.text)
    DMA1_Channel4_IRQHandler                 0x080002c3   Thumb Code     0  startup_stm32f10x_hd.o(.text)
    DMA1_Channel5_IRQHandler                 0x080002c3   Thumb Code     0  startup_stm32f10x_hd.o(.text)
    DMA1_Channel6_IRQHandler                 0x080002c3   Thumb Code     0  startup_stm32f10x_hd.o(.text)
    DMA1_Channel7_IRQHandler                 0x080002c3   Thumb Code     0  startup_stm32f10x_hd.o(.text)
    DMA2_Channel1_IRQHandler                 0x080002c3   Thumb Code     0  startup_stm32f10x_hd.o(.text)
    DMA2_Channel2_IRQHandler                 0x080002c3   Thumb Code     0  startup_stm32f10x_hd.o(.text)
    DMA2_Channel3_IRQHandler                 0x080002c3   Thumb Code     0  startup_stm32f10x_hd.o(.text)
    DMA2_Channel4_5_IRQHandler               0x080002c3   Thumb Code     0  startup_stm32f10x_hd.o(.text)
    EXTI0_IRQHandler                         0x080002c3   Thumb Code     0  startup_stm32f10x_hd.o(.text)
    EXTI15_10_IRQHandler                     0x080002c3   Thumb Code     0  startup_stm32f10x_hd.o(.text)
    EXTI1_IRQHandler                         0x080002c3   Thumb Code     0  startup_stm32f10x_hd.o(.text)
    EXTI2_IRQHandler                         0x080002c3   Thumb Code     0  startup_stm32f10x_hd.o(.text)
    EXTI3_IRQHandler                         0x080002c3   Thumb Code     0  startup_stm32f10x_hd.o(.text)
    EXTI4_IRQHandler                         0x080002c3   Thumb Code     0  startup_stm32f10x_hd.o(.text)
    FLASH_IRQHandler                         0x080002c3   Thumb Code     0  startup_stm32f10x_hd.o(.text)
    FSMC_IRQHandler                          0x080002c3   Thumb Code     0  startup_stm32f10x_hd.o(.text)
    I2C1_ER_IRQHandler                       0x080002c3   Thumb Code     0  startup_stm32f10x_hd.o(.text)
    I2C1_EV_IRQHandler                       0x080002c3   Thumb Code     0  startup_stm32f10x_hd.o(.text)
    I2C2_ER_IRQHandler                       0x080002c3   Thumb Code     0  startup_stm32f10x_hd.o(.text)
    I2C2_EV_IRQHandler                       0x080002c3   Thumb Code     0  startup_stm32f10x_hd.o(.text)
    PVD_IRQHandler                           0x080002c3   Thumb Code     0  startup_stm32f10x_hd.o(.text)
    RCC_IRQHandler                           0x080002c3   Thumb Code     0  startup_stm32f10x_hd.o(.text)
    RTCAlarm_IRQHandler                      0x080002c3   Thumb Code     0  startup_stm32f10x_hd.o(.text)
    SDIO_IRQHandler                          0x080002c3   Thumb Code     0  startup_stm32f10x_hd.o(.text)
    SPI1_IRQHandler                          0x080002c3   Thumb Code     0  startup_stm32f10x_hd.o(.text)
    SPI2_IRQHandler                          0x080002c3   Thumb Code     0  startup_stm32f10x_hd.o(.text)
    SPI3_IRQHandler                          0x080002c3   Thumb Code     0  startup_stm32f10x_hd.o(.text)
    TAMPER_IRQHandler                        0x080002c3   Thumb Code     0  startup_stm32f10x_hd.o(.text)
    TIM1_BRK_IRQHandler                      0x080002c3   Thumb Code     0  startup_stm32f10x_hd.o(.text)
    TIM1_CC_IRQHandler                       0x080002c3   Thumb Code     0  startup_stm32f10x_hd.o(.text)
    TIM1_TRG_COM_IRQHandler                  0x080002c3   Thumb Code     0  startup_stm32f10x_hd.o(.text)
    TIM1_UP_IRQHandler                       0x080002c3   Thumb Code     0  startup_stm32f10x_hd.o(.text)
    TIM6_IRQHandler                          0x080002c3   Thumb Code     0  startup_stm32f10x_hd.o(.text)
    TIM7_IRQHandler                          0x080002c3   Thumb Code     0  startup_stm32f10x_hd.o(.text)
    TIM8_BRK_IRQHandler                      0x080002c3   Thumb Code     0  startup_stm32f10x_hd.o(.text)
    TIM8_CC_IRQHandler                       0x080002c3   Thumb Code     0  startup_stm32f10x_hd.o(.text)
    TIM8_TRG_COM_IRQHandler                  0x080002c3   Thumb Code     0  startup_stm32f10x_hd.o(.text)
    TIM8_UP_IRQHandler                       0x080002c3   Thumb Code     0  startup_stm32f10x_hd.o(.text)
    UART4_IRQHandler                         0x080002c3   Thumb Code     0  startup_stm32f10x_hd.o(.text)
    USBWakeUp_IRQHandler                     0x080002c3   Thumb Code     0  startup_stm32f10x_hd.o(.text)
    USB_HP_CAN1_TX_IRQHandler                0x080002c3   Thumb Code     0  startup_stm32f10x_hd.o(.text)
    USB_LP_CAN1_RX0_IRQHandler               0x080002c3   Thumb Code     0  startup_stm32f10x_hd.o(.text)
    WWDG_IRQHandler                          0x080002c3   Thumb Code     0  startup_stm32f10x_hd.o(.text)
    toupper                                  0x080002cd   Thumb Code    12  toupper.o(.text)
    __aeabi_memcpy                           0x080002d9   Thumb Code    36  memcpya.o(.text)
    __aeabi_memcpy4                          0x080002d9   Thumb Code     0  memcpya.o(.text)
    __aeabi_memcpy8                          0x080002d9   Thumb Code     0  memcpya.o(.text)
    strcat                                   0x080002fd   Thumb Code    24  strcat.o(.text)
    strstr                                   0x08000315   Thumb Code    36  strstr.o(.text)
    strlen                                   0x08000339   Thumb Code    14  strlen.o(.text)
    memcmp                                   0x08000347   Thumb Code    26  memcmp.o(.text)
    strcpy                                   0x08000361   Thumb Code    18  strcpy.o(.text)
    strncmp                                  0x08000373   Thumb Code    30  strncmp.o(.text)
    strtok                                   0x08000391   Thumb Code    62  strtok.o(.text)
    atoi                                     0x080003d5   Thumb Code    26  atoi.o(.text)
    __aeabi_fmul                             0x080003ef   Thumb Code   108  fmul.o(.text)
    __aeabi_f2d                              0x0800045b   Thumb Code    38  f2d.o(.text)
    __aeabi_d2f                              0x08000481   Thumb Code    56  d2f.o(.text)
    __aeabi_uidiv                            0x080004b9   Thumb Code     0  uidiv.o(.text)
    __aeabi_uidivmod                         0x080004b9   Thumb Code    44  uidiv.o(.text)
    __aeabi_uldivmod                         0x080004e5   Thumb Code    98  uldiv.o(.text)
    __strtod_int                             0x0800057f   Thumb Code    88  strtod.o(.text)
    strtol                                   0x080005e5   Thumb Code   112  strtol.o(.text)
    __I$use$fp                               0x08000655   Thumb Code     0  iusefp.o(.text)
    _float_round                             0x08000655   Thumb Code    18  fepilogue.o(.text)
    _float_epilogue                          0x08000667   Thumb Code    90  fepilogue.o(.text)
    __aeabi_dadd                             0x080006c1   Thumb Code   322  dadd.o(.text)
    __aeabi_dsub                             0x08000803   Thumb Code     6  dadd.o(.text)
    __aeabi_drsub                            0x08000809   Thumb Code     6  dadd.o(.text)
    __aeabi_dmul                             0x0800080f   Thumb Code   228  dmul.o(.text)
    __aeabi_ddiv                             0x080008f3   Thumb Code   222  ddiv.o(.text)
    __aeabi_d2ulz                            0x080009d1   Thumb Code    48  dfixul.o(.text)
    __aeabi_cdrcmple                         0x08000a01   Thumb Code    38  cdrcmple.o(.text)
    __scatterload                            0x08000a29   Thumb Code    28  init.o(.text)
    __scatterload_rt2                        0x08000a29   Thumb Code     0  init.o(.text)
    __aeabi_llsl                             0x08000a4d   Thumb Code    30  llshl.o(.text)
    _ll_shift_l                              0x08000a4d   Thumb Code     0  llshl.o(.text)
    __aeabi_llsr                             0x08000a6b   Thumb Code    32  llushr.o(.text)
    _ll_ushift_r                             0x08000a6b   Thumb Code     0  llushr.o(.text)
    __aeabi_lasr                             0x08000a8b   Thumb Code    36  llsshr.o(.text)
    _ll_sshift_r                             0x08000a8b   Thumb Code     0  llsshr.o(.text)
    __rt_ctype_table                         0x08000ab1   Thumb Code     4  ctype_o.o(.text)
    isspace                                  0x08000ab9   Thumb Code    18  isspace_o.o(.text)
    _scanf_real                              0x08000bcd   Thumb Code     0  scanf_fp.o(.text)
    _scanf_really_real                       0x08000bcd   Thumb Code   560  scanf_fp.o(.text)
    _sgetc                                   0x08000e09   Thumb Code    30  _sgetc.o(.text)
    _sbackspace                              0x08000e27   Thumb Code    34  _sgetc.o(.text)
    _strtoul                                 0x08000e49   Thumb Code   158  _strtoul.o(.text)
    _double_round                            0x08000ee7   Thumb Code    26  depilogue.o(.text)
    _double_epilogue                         0x08000f01   Thumb Code   164  depilogue.o(.text)
    _chval                                   0x08000fa5   Thumb Code    28  _chval.o(.text)
    __aeabi_ul2d                             0x08000fc1   Thumb Code    24  dfltul.o(.text)
    __decompress                             0x08000fd9   Thumb Code     0  __dczerorl2.o(.text)
    __decompress1                            0x08000fd9   Thumb Code    92  __dczerorl2.o(.text)
    SVC_Count                                0x08001034   Data           4  svc_table.o(SVC_TABLE)
    Analyze_Gauge                            0x08001039   Thumb Code   482  bsp_user_lib.o(i.Analyze_Gauge)
    SVC_Table                                0x08001038   Data           0  svc_table.o(SVC_TABLE)
    Analyze_Humit                            0x08001261   Thumb Code   190  bsp_user_lib.o(i.Analyze_Humit)
    AppTaskAtmos                             0x0800133d   Thumb Code    50  main.o(i.AppTaskAtmos)
    AppTaskComm                              0x0800137d   Thumb Code    26  main.o(i.AppTaskComm)
    AppTaskCtl                               0x080014f5   Thumb Code    24  main.o(i.AppTaskCtl)
    AppTaskDAQ                               0x08001519   Thumb Code    24  main.o(i.AppTaskDAQ)
    AppTaskGauge                             0x0800153d   Thumb Code   330  main.o(i.AppTaskGauge)
    AppTaskHumit                             0x080016bd   Thumb Code   112  main.o(i.AppTaskHumit)
    AppTaskMsgPro                            0x08001745   Thumb Code     8  main.o(i.AppTaskMsgPro)
    AppTaskSTA                               0x0800174d   Thumb Code    64  main.o(i.AppTaskSTA)
    AppTaskStart                             0x0800179d   Thumb Code    28  main.o(i.AppTaskStart)
    AppTaskWaterTemp                         0x080017c5   Thumb Code     2  main.o(i.AppTaskWaterTemp)
    AppTaskWdg                               0x080017c9   Thumb Code    44  main.o(i.AppTaskWdg)
    BKP_DeInit                               0x080017fd   Thumb Code    16  stm32f10x_bkp.o(i.BKP_DeInit)
    BKP_ReadBackupRegister                   0x0800180d   Thumb Code    24  stm32f10x_bkp.o(i.BKP_ReadBackupRegister)
    BKP_WriteBackupRegister                  0x08001829   Thumb Code    22  stm32f10x_bkp.o(i.BKP_WriteBackupRegister)
    BusFault_Handler                         0x08001845   Thumb Code     4  stm32f10x_it.o(i.BusFault_Handler)
    ComToUart                                0x08001849   Thumb Code    28  bsp_uart_fifo.o(i.ComToUart)
    DebugMon_Handler                         0x08001983   Thumb Code     2  stm32f10x_it.o(i.DebugMon_Handler)
    EXTI9_5_IRQHandler                       0x08001985   Thumb Code    32  bsp_user_lib.o(i.EXTI9_5_IRQHandler)
    EXTI_ClearITPendingBit                   0x080019a5   Thumb Code     6  stm32f10x_exti.o(i.EXTI_ClearITPendingBit)
    EXTI_GetITStatus                         0x080019b1   Thumb Code    34  stm32f10x_exti.o(i.EXTI_GetITStatus)
    EXTI_Init                                0x080019d9   Thumb Code   142  stm32f10x_exti.o(i.EXTI_Init)
    GPIO_EXTILineConfig                      0x08001a6d   Thumb Code    60  stm32f10x_gpio.o(i.GPIO_EXTILineConfig)
    GPIO_Init                                0x08001aad   Thumb Code   274  stm32f10x_gpio.o(i.GPIO_Init)
    GPIO_ResetBits                           0x08001bbf   Thumb Code     4  stm32f10x_gpio.o(i.GPIO_ResetBits)
    IWDG_Enable                              0x08001bc5   Thumb Code    10  stm32f10x_iwdg.o(i.IWDG_Enable)
    IWDG_ReloadCounter                       0x08001bd5   Thumb Code    10  stm32f10x_iwdg.o(i.IWDG_ReloadCounter)
    IWDG_SetPrescaler                        0x08001be5   Thumb Code     6  stm32f10x_iwdg.o(i.IWDG_SetPrescaler)
    IWDG_SetReload                           0x08001bf1   Thumb Code     6  stm32f10x_iwdg.o(i.IWDG_SetReload)
    IWDG_WriteAccessCmd                      0x08001bfd   Thumb Code     6  stm32f10x_iwdg.o(i.IWDG_WriteAccessCmd)
    Initialize_Cjq_Pz                        0x08001eb9   Thumb Code   276  bsp.o(i.Initialize_Cjq_Pz)
    MemManage_Handler                        0x0800205f   Thumb Code     4  stm32f10x_it.o(i.MemManage_Handler)
    NMI_Handler                              0x08002063   Thumb Code     2  stm32f10x_it.o(i.NMI_Handler)
    NVIC_Init                                0x08002065   Thumb Code   102  misc.o(i.NVIC_Init)
    NVIC_PriorityGroupConfig                 0x080020d9   Thumb Code    10  misc.o(i.NVIC_PriorityGroupConfig)
    PWR_BackupAccessCmd                      0x080020ed   Thumb Code     6  stm32f10x_pwr.o(i.PWR_BackupAccessCmd)
    Process_ALT_Command                      0x080020f9   Thumb Code   232  bsp_user_lib.o(i.Process_ALT_Command)
    Process_DATETIME_Command                 0x08002251   Thumb Code   424  bsp_user_lib.o(i.Process_DATETIME_Command)
    Process_DNO_Command                      0x080024ad   Thumb Code   340  bsp_user_lib.o(i.Process_DNO_Command)
    Process_Host_Message                     0x0800266d   Thumb Code   688  bsp_user_lib.o(i.Process_Host_Message)
    Process_ID_Command                       0x08002985   Thumb Code   350  bsp_user_lib.o(i.Process_ID_Command)
    Process_Reset_Command                    0x08002b51   Thumb Code     8  bsp_user_lib.o(i.Process_Reset_Command)
    Process_SENST_Command                    0x08002b5d   Thumb Code   814  bsp_user_lib.o(i.Process_SENST_Command)
    Process_Snapshot_Command                 0x08002ee9   Thumb Code     8  bsp_user_lib.o(i.Process_Snapshot_Command)
    RCC_AHBPeriphClockCmd                    0x08002ef5   Thumb Code    26  stm32f10x_rcc.o(i.RCC_AHBPeriphClockCmd)
    RCC_APB1PeriphClockCmd                   0x08002f15   Thumb Code    26  stm32f10x_rcc.o(i.RCC_APB1PeriphClockCmd)
    RCC_APB2PeriphClockCmd                   0x08002f35   Thumb Code    26  stm32f10x_rcc.o(i.RCC_APB2PeriphClockCmd)
    RCC_BackupResetCmd                       0x08002f55   Thumb Code     6  stm32f10x_rcc.o(i.RCC_BackupResetCmd)
    RCC_ClearFlag                            0x08002f61   Thumb Code    14  stm32f10x_rcc.o(i.RCC_ClearFlag)
    RCC_GetClocksFreq                        0x08002f75   Thumb Code   192  stm32f10x_rcc.o(i.RCC_GetClocksFreq)
    RCC_GetFlagStatus                        0x08003049   Thumb Code    56  stm32f10x_rcc.o(i.RCC_GetFlagStatus)
    RCC_LSEConfig                            0x08003085   Thumb Code    44  stm32f10x_rcc.o(i.RCC_LSEConfig)
    RCC_LSICmd                               0x080030b9   Thumb Code     6  stm32f10x_rcc.o(i.RCC_LSICmd)
    RCC_RTCCLKCmd                            0x080030c5   Thumb Code     6  stm32f10x_rcc.o(i.RCC_RTCCLKCmd)
    RCC_RTCCLKConfig                         0x080030d1   Thumb Code    12  stm32f10x_rcc.o(i.RCC_RTCCLKConfig)
    RS485_InitTXE                            0x080030e1   Thumb Code    38  bsp_uart_fifo.o(i.RS485_InitTXE)
    RTC_CalcWeek                             0x0800310d   Thumb Code   186  bsp_cpu_rtc.o(i.RTC_CalcWeek)
    RTC_ClearITPendingBit                    0x080031c9   Thumb Code    12  stm32f10x_rtc.o(i.RTC_ClearITPendingBit)
    RTC_EnterConfigMode                      0x080031d9   Thumb Code    14  stm32f10x_rtc.o(i.RTC_EnterConfigMode)
    RTC_ExitConfigMode                       0x080031ed   Thumb Code    16  stm32f10x_rtc.o(i.RTC_ExitConfigMode)
    RTC_GetCounter                           0x08003201   Thumb Code    38  stm32f10x_rtc.o(i.RTC_GetCounter)
    RTC_GetITStatus                          0x0800322d   Thumb Code    32  stm32f10x_rtc.o(i.RTC_GetITStatus)
    RTC_IRQHandler                           0x08003251   Thumb Code    80  main.o(i.RTC_IRQHandler)
    RTC_ITConfig                             0x080032b1   Thumb Code    26  stm32f10x_rtc.o(i.RTC_ITConfig)
    RTC_ReadClock                            0x080032d1   Thumb Code   234  bsp_cpu_rtc.o(i.RTC_ReadClock)
    RTC_SetCounter                           0x080033cd   Thumb Code    24  stm32f10x_rtc.o(i.RTC_SetCounter)
    RTC_SetPrescaler                         0x080033e9   Thumb Code    26  stm32f10x_rtc.o(i.RTC_SetPrescaler)
    RTC_WaitForLastTask                      0x08003409   Thumb Code    14  stm32f10x_rtc.o(i.RTC_WaitForLastTask)
    RTC_WaitForSynchro                       0x0800341d   Thumb Code    28  stm32f10x_rtc.o(i.RTC_WaitForSynchro)
    RTC_WriteClock                           0x0800343d   Thumb Code   176  bsp_cpu_rtc.o(i.RTC_WriteClock)
    R_485_Ctrl                               0x080034fd   Thumb Code     6  main.o(i.R_485_Ctrl)
    Read_From_Gauge                          0x08003505   Thumb Code    96  bsp_user_lib.o(i.Read_From_Gauge)
    Read_From_WSD                            0x08003589   Thumb Code   174  bsp_user_lib.o(i.Read_From_WSD)
    SPI_Cmd                                  0x0800365d   Thumb Code    24  stm32f10x_spi.o(i.SPI_Cmd)
    SendHeart_Com1                           0x08003675   Thumb Code    34  bsp_user_lib.o(i.SendHeart_Com1)
    SendTcp_Com1                             0x080036b5   Thumb Code   242  bsp_user_lib.o(i.SendTcp_Com1)
    StringToInt                              0x08003915   Thumb Code    84  bsp_user_lib.o(i.StringToInt)
    SystemInit                               0x08003969   Thumb Code    78  system_stm32f10x.o(i.SystemInit)
    TASK1_CallBack1                          0x080039c9   Thumb Code    14  main.o(i.TASK1_CallBack1)
    TASK1_CallBack2                          0x080039dd   Thumb Code    14  main.o(i.TASK1_CallBack2)
    TIM2_IRQHandler                          0x08003b0d   Thumb Code    88  bsp_user_lib.o(i.TIM2_IRQHandler)
    TIM3_IRQHandler                          0x08003b75   Thumb Code    22  bsp_user_lib.o(i.TIM3_IRQHandler)
    TIM4_IRQHandler                          0x08003b91   Thumb Code    92  stm32f10x_it.o(i.TIM4_IRQHandler)
    TIM5_IRQHandler                          0x08003c0d   Thumb Code   132  stm32f10x_it.o(i.TIM5_IRQHandler)
    TIM_ARRPreloadConfig                     0x08003cb5   Thumb Code    24  stm32f10x_tim.o(i.TIM_ARRPreloadConfig)
    TIM_CallBack1                            0x08003ccd   Thumb Code    40  main.o(i.TIM_CallBack1)
    TIM_CallBack2                            0x08003d01   Thumb Code    14  main.o(i.TIM_CallBack2)
    TIM_CallBack3                            0x08003d15   Thumb Code    14  main.o(i.TIM_CallBack3)
    TIM_CallBack4                            0x08003d29   Thumb Code    14  main.o(i.TIM_CallBack4)
    TIM_ClearFlag                            0x08003d3d   Thumb Code     6  stm32f10x_tim.o(i.TIM_ClearFlag)
    TIM_ClearITPendingBit                    0x08003d43   Thumb Code     6  stm32f10x_tim.o(i.TIM_ClearITPendingBit)
    TIM_Cmd                                  0x08003d49   Thumb Code    24  stm32f10x_tim.o(i.TIM_Cmd)
    TIM_GetCapture2                          0x08003d61   Thumb Code     6  stm32f10x_tim.o(i.TIM_GetCapture2)
    TIM_GetITStatus                          0x08003d67   Thumb Code    34  stm32f10x_tim.o(i.TIM_GetITStatus)
    TIM_ITConfig                             0x08003d89   Thumb Code    18  stm32f10x_tim.o(i.TIM_ITConfig)
    TIM_PWMIConfig                           0x08003d9b   Thumb Code   124  stm32f10x_tim.o(i.TIM_PWMIConfig)
    TIM_SelectInputTrigger                   0x08003e17   Thumb Code    18  stm32f10x_tim.o(i.TIM_SelectInputTrigger)
    TIM_SelectMasterSlaveMode                0x08003e29   Thumb Code    18  stm32f10x_tim.o(i.TIM_SelectMasterSlaveMode)
    TIM_SelectSlaveMode                      0x08003e3b   Thumb Code    18  stm32f10x_tim.o(i.TIM_SelectSlaveMode)
    TIM_SetIC1Prescaler                      0x08003e4d   Thumb Code    18  stm32f10x_tim.o(i.TIM_SetIC1Prescaler)
    TIM_SetIC2Prescaler                      0x08003e5f   Thumb Code    26  stm32f10x_tim.o(i.TIM_SetIC2Prescaler)
    TIM_TimeBaseInit                         0x08003e79   Thumb Code   122  stm32f10x_tim.o(i.TIM_TimeBaseInit)
    UART5_IRQHandler                         0x08003f1d   Thumb Code   160  bsp_user_lib.o(i.UART5_IRQHandler)
    USART1_IRQHandler                        0x08003fcd   Thumb Code    10  bsp_uart_fifo.o(i.USART1_IRQHandler)
    USART2_IRQHandler                        0x08003fdd   Thumb Code   452  bsp_user_lib.o(i.USART2_IRQHandler)
    USART3_IRQHandler                        0x080041d9   Thumb Code    10  bsp_uart_fifo.o(i.USART3_IRQHandler)
    USART_CallBack2                          0x080041e9   Thumb Code    14  main.o(i.USART_CallBack2)
    USART_ClearFlag                          0x080041fd   Thumb Code    18  stm32f10x_usart.o(i.USART_ClearFlag)
    USART_ClearITPendingBit                  0x0800420f   Thumb Code    30  stm32f10x_usart.o(i.USART_ClearITPendingBit)
    USART_Cmd                                0x0800422d   Thumb Code    24  stm32f10x_usart.o(i.USART_Cmd)
    USART_GetITStatus                        0x08004245   Thumb Code    84  stm32f10x_usart.o(i.USART_GetITStatus)
    USART_ITConfig                           0x08004299   Thumb Code    74  stm32f10x_usart.o(i.USART_ITConfig)
    USART_Init                               0x080042e5   Thumb Code   210  stm32f10x_usart.o(i.USART_Init)
    USART_ReceiveData                        0x080043bd   Thumb Code    10  stm32f10x_usart.o(i.USART_ReceiveData)
    USART_SendData                           0x080043c7   Thumb Code     8  stm32f10x_usart.o(i.USART_SendData)
    UsageFault_Handler                       0x080045fd   Thumb Code     4  stm32f10x_it.o(i.UsageFault_Handler)
    __0printf                                0x08004601   Thumb Code    22  printfa.o(i.__0printf)
    __1printf                                0x08004601   Thumb Code     0  printfa.o(i.__0printf)
    __2printf                                0x08004601   Thumb Code     0  printfa.o(i.__0printf)
    __c89printf                              0x08004601   Thumb Code     0  printfa.o(i.__0printf)
    printf                                   0x08004601   Thumb Code     0  printfa.o(i.__0printf)
    __0sprintf                               0x08004621   Thumb Code    34  printfa.o(i.__0sprintf)
    __1sprintf                               0x08004621   Thumb Code     0  printfa.o(i.__0sprintf)
    __2sprintf                               0x08004621   Thumb Code     0  printfa.o(i.__0sprintf)
    __c89sprintf                             0x08004621   Thumb Code     0  printfa.o(i.__0sprintf)
    sprintf                                  0x08004621   Thumb Code     0  printfa.o(i.__0sprintf)
    __aeabi_errno_addr                       0x08004649   Thumb Code     4  errno.o(i.__aeabi_errno_addr)
    __rt_errno_addr                          0x08004649   Thumb Code     0  errno.o(i.__aeabi_errno_addr)
    __read_errno                             0x08004651   Thumb Code     6  errno.o(i.__read_errno)
    __scatterload_copy                       0x0800465d   Thumb Code    14  handlers.o(i.__scatterload_copy)
    __scatterload_null                       0x0800466b   Thumb Code     2  handlers.o(i.__scatterload_null)
    __scatterload_zeroinit                   0x0800466d   Thumb Code    14  handlers.o(i.__scatterload_zeroinit)
    __set_errno                              0x08004681   Thumb Code     6  errno.o(i.__set_errno)
    _init_box                                0x080047e9   Thumb Code    88  rt_membox.o(i._init_box)
    _is_digit                                0x08004841   Thumb Code    14  scanf_fp.o(i._is_digit)
    atof                                     0x08004fa1   Thumb Code    42  atof.o(i.atof)
    bsp_Init                                 0x08004fcd   Thumb Code    84  bsp.o(i.bsp_Init)
    bsp_InitHardTimer                        0x08005055   Thumb Code   334  bsp_timer.o(i.bsp_InitHardTimer)
    bsp_InitIwdg                             0x080051b5   Thumb Code    64  bsp_iwdg.o(i.bsp_InitIwdg)
    bsp_InitLed                              0x080051f5   Thumb Code    96  bsp_led.o(i.bsp_InitLed)
    bsp_InitOthers                           0x08005259   Thumb Code   488  bsp_user_lib.o(i.bsp_InitOthers)
    bsp_InitRTC                              0x08005481   Thumb Code   156  bsp_cpu_rtc.o(i.bsp_InitRTC)
    bsp_InitSPIBus                           0x0800551d   Thumb Code   116  bsp_spi_bus.o(i.bsp_InitSPIBus)
    bsp_InitUart                             0x08005599   Thumb Code    20  bsp_uart_fifo.o(i.bsp_InitUart)
    bsp_Led1Toggle                           0x080055ad   Thumb Code    14  bsp_led.o(i.bsp_Led1Toggle)
    bsp_Led3Toggle                           0x080055c1   Thumb Code    14  bsp_led.o(i.bsp_Led3Toggle)
    bsp_SPI_Init                             0x080055d5   Thumb Code    40  bsp_spi_bus.o(i.bsp_SPI_Init)
    com1GetChar                              0x08005601   Thumb Code    22  bsp_uart_fifo.o(i.com1GetChar)
    comSendBuf                               0x0800561d   Thumb Code    46  bsp_uart_fifo.o(i.comSendBuf)
    fputc                                    0x0800564d   Thumb Code    22  bsp_uart_fifo.o(i.fputc)
    hard_fault_handler_c                     0x08005669   Thumb Code     4  stm32f10x_it.o(i.hard_fault_handler_c)
    isr_evt_set                              0x0800566d   Thumb Code    34  rt_event.o(i.isr_evt_set)
    main                                     0x08005695   Thumb Code    24  main.o(i.main)
    os_error                                 0x080056bd   Thumb Code     4  rtx_conf_cm.o(i.os_error)
    os_idle_demon                            0x080056c1   Thumb Code     4  rtx_conf_cm.o(i.os_idle_demon)
    os_tick_init                             0x080056c5   Thumb Code    38  rt_system.o(i.os_tick_init)
    os_tick_irqack                           0x080056f5   Thumb Code     2  rt_system.o(i.os_tick_irqack)
    os_tmr_call                              0x080056f7   Thumb Code     2  rtx_conf_cm.o(i.os_tmr_call)
    rt_alloc_box                             0x080056f9   Thumb Code    30  rt_membox.o(i.rt_alloc_box)
    rt_block                                 0x08005719   Thumb Code    48  rt_task.o(i.rt_block)
    rt_chk_robin                             0x08005751   Thumb Code    76  rt_robin.o(i.rt_chk_robin)
    rt_dec_dly                               0x080057a9   Thumb Code   134  rt_list.o(i.rt_dec_dly)
    rt_dispatch                              0x0800583d   Thumb Code    72  rt_task.o(i.rt_dispatch)
    rt_dly_wait                              0x0800588d   Thumb Code    14  rt_time.o(i.rt_dly_wait)
    rt_evt_get                               0x0800589d   Thumb Code     8  rt_event.o(i.rt_evt_get)
    rt_evt_psh                               0x080058a9   Thumb Code    84  rt_event.o(i.rt_evt_psh)
    rt_evt_set                               0x08005901   Thumb Code   102  rt_event.o(i.rt_evt_set)
    rt_evt_wait                              0x0800596d   Thumb Code   110  rt_event.o(i.rt_evt_wait)
    rt_free_box                              0x080059e1   Thumb Code    36  rt_membox.o(i.rt_free_box)
    rt_get_first                             0x08005a2d   Thumb Code    50  rt_list.o(i.rt_get_first)
    rt_init_robin                            0x08005aad   Thumb Code    14  rt_robin.o(i.rt_init_robin)
    rt_init_stack                            0x08005ac5   Thumb Code    76  hal_cm3.o(i.rt_init_stack)
    rt_mbx_psh                               0x08005b19   Thumb Code   208  rt_mailbox.o(i.rt_mbx_psh)
    rt_pop_req                               0x08005bed   Thumb Code   152  rt_system.o(i.rt_pop_req)
    rt_psh_req                               0x08005c91   Thumb Code    24  rt_system.o(i.rt_psh_req)
    rt_psq_enq                               0x08005cb5   Thumb Code   112  rt_list.o(i.rt_psq_enq)
    rt_put_dly                               0x08005d29   Thumb Code    88  rt_list.o(i.rt_put_dly)
    rt_put_prio                              0x08005d85   Thumb Code    64  rt_list.o(i.rt_put_prio)
    rt_put_rdy_first                         0x08005dc5   Thumb Code    16  rt_list.o(i.rt_put_rdy_first)
    rt_rmv_dly                               0x08005dd9   Thumb Code    40  rt_list.o(i.rt_rmv_dly)
    rt_sem_psh                               0x08005e01   Thumb Code    50  rt_semaphore.o(i.rt_sem_psh)
    rt_stk_check                             0x08005e39   Thumb Code    40  rt_system.o(i.rt_stk_check)
    rt_switch_req                            0x08005e69   Thumb Code    10  rt_task.o(i.rt_switch_req)
    rt_sys_init                              0x08005e79   Thumb Code   310  rt_task.o(i.rt_sys_init)
    rt_systick                               0x08005ffd   Thumb Code    56  rt_system.o(i.rt_systick)
    rt_tmr_tick                              0x08006041   Thumb Code    66  rt_timer.o(i.rt_tmr_tick)
    rt_tsk_create                            0x0800608d   Thumb Code    94  rt_task.o(i.rt_tsk_create)
    os_maxtaskrun                            0x080060f8   Data           2  rtx_conf_cm.o(.constdata)
    os_stackinfo                             0x080060fc   Data           4  rtx_conf_cm.o(.constdata)
    os_rrobin                                0x08006100   Data           4  rtx_conf_cm.o(.constdata)
    os_trv                                   0x08006104   Data           4  rtx_conf_cm.o(.constdata)
    os_flags                                 0x08006108   Data           1  rtx_conf_cm.o(.constdata)
    os_clockrate                             0x0800610c   Data           4  rtx_conf_cm.o(.constdata)
    os_timernum                              0x08006110   Data           4  rtx_conf_cm.o(.constdata)
    mp_tcb_size                              0x08006114   Data           2  rtx_conf_cm.o(.constdata)
    mp_stk_size                              0x08006118   Data           4  rtx_conf_cm.o(.constdata)
    os_fifo_size                             0x0800611c   Data           1  rtx_conf_cm.o(.constdata)
    mp_tmr_size                              0x0800611e   Data           2  rtx_conf_cm.o(.constdata)
    s_CRCLo                                  0x0800626b   Data         256  bsp_user_lib.o(.constdata)
    Enter                                    0x0800636b   Data           3  bsp_user_lib.o(.constdata)
    Error_Message                            0x0800636e   Data          15  bsp_user_lib.o(.constdata)
    Set_Sucess                               0x0800637d   Data           6  bsp_user_lib.o(.constdata)
    Set_Faild                                0x08006383   Data           6  bsp_user_lib.o(.constdata)
    mon_table                                0x08006389   Data          12  bsp_cpu_rtc.o(.constdata)
    RL_RTX_Version                           0x08006398   Data           4  rt_system.o(.constdata)
    __ctype_table                            0x0800639c   Data         129  ctype_o.o(.constdata)
    Region$$Table$$Base                      0x08006424   Number         0  anon$$obj.o(Region$$Table)
    Region$$Table$$Limit                     0x08006444   Number         0  anon$$obj.o(Region$$Table)
    HandleTaskComm                           0x20000000   Data           4  main.o(.data)
    HandleTaskWdg                            0x20000004   Data           4  main.o(.data)
    HandleTaskDAQ                            0x20000008   Data           4  main.o(.data)
    HandleTaskSTA                            0x2000000c   Data           4  main.o(.data)
    HandleTaskAtmos                          0x20000010   Data           4  main.o(.data)
    HandleTaskHumit                          0x20000014   Data           4  main.o(.data)
    HandleTaskCtl                            0x20000018   Data           4  main.o(.data)
    HandleTaskGauge                          0x2000001c   Data           4  main.o(.data)
    HandleTaskWaterTemp                      0x20000020   Data           4  main.o(.data)
    HandleTaskMsgPro                         0x20000024   Data           4  main.o(.data)
    Cmd_Type                                 0x20000028   Data           1  main.o(.data)
    r_485_port                               0x2000002a   Data           1  main.o(.data)
    wait_time_gauge                          0x2000002c   Data           4  main.o(.data)
    ulTicks1                                 0x20000030   Data           4  main.o(.data)
    ulTicks2                                 0x20000034   Data           4  main.o(.data)
    m_tmr                                    0x20000038   Data           4  rtx_conf_cm.o(.data)
    gstrStationID                            0x2000003c   Data           6  bsp.o(.data)
    gstrStationDNO                           0x20000042   Data           4  bsp.o(.data)
    cjq_pz_ptr                               0x20000048   Data           4  bsp.o(.data)
    __stdout                                 0x2000004c   Data           4  bsp_uart_fifo.o(.data)
    H_Sen_NO                                 0x20000050   Data          12  bsp_user_lib.o(.data)
    read_gauge_flag                          0x2000005c   Data           1  bsp_user_lib.o(.data)
    timer_1s                                 0x2000005d   Data           1  bsp_user_lib.o(.data)
    timer1_1s                                0x20000060   Data           4  bsp_user_lib.o(.data)
    timer1_1s_1                              0x20000064   Data           4  bsp_user_lib.o(.data)
    time_sec_counter                         0x20000068   Data           4  bsp_user_lib.o(.data)
    D_Addr                                   0x2000006d   Data           1  bsp_user_lib.o(.data)
    s_cmd1                                   0x2000006e   Data          12  bsp_user_lib.o(.data)
    s_cmd2                                   0x2000007a   Data          16  bsp_user_lib.o(.data)
    read_radar_count                         0x2000008a   Data           2  bsp_user_lib.o(.data)
    gauge_high                               0x2000008c   Data           4  bsp_user_lib.o(.data)
    gauge_read_sucess                        0x20000090   Data           1  bsp_user_lib.o(.data)
    radar_state                              0x20000115   Data           1  bsp_user_lib.o(.data)
    snap_shot_flag                           0x20000116   Data           1  bsp_user_lib.o(.data)
    stop_wdg_flag                            0x20000117   Data           1  bsp_user_lib.o(.data)
    sensor_state                             0x20000174   Data          12  bsp_user_lib.o(.data)
    device_id                                0x20000180   Data           1  bsp_user_lib.o(.data)
    element_counter                          0x20000181   Data           1  bsp_user_lib.o(.data)
    state_counter                            0x20000182   Data           1  bsp_user_lib.o(.data)
    timer0                                   0x20000184   Data           4  bsp_user_lib.o(.data)
    timer1                                   0x20000188   Data           4  bsp_user_lib.o(.data)
    timer2                                   0x2000018c   Data           4  bsp_user_lib.o(.data)
    ZYGD_Timer                               0x20000190   Data           4  bsp_user_lib.o(.data)
    Rec_Year                                 0x20000194   Data           2  bsp_user_lib.o(.data)
    Rec_Month                                0x20000196   Data           2  bsp_user_lib.o(.data)
    Rec_Day                                  0x20000198   Data           2  bsp_user_lib.o(.data)
    Rec_Hour                                 0x2000019a   Data           1  bsp_user_lib.o(.data)
    Rec_Min                                  0x2000019b   Data           1  bsp_user_lib.o(.data)
    Rec_Sec                                  0x2000019c   Data           1  bsp_user_lib.o(.data)
    Cur_Year                                 0x2000019e   Data           2  bsp_user_lib.o(.data)
    Cur_Month                                0x200001a0   Data           2  bsp_user_lib.o(.data)
    Cur_Day                                  0x200001a2   Data           2  bsp_user_lib.o(.data)
    Cur_WeekDay                              0x200001a4   Data           2  bsp_user_lib.o(.data)
    ADCConvertedValue                        0x200001a6   Data           2  bsp_user_lib.o(.data)
    Cur_Hour                                 0x200001a8   Data           1  bsp_user_lib.o(.data)
    Cur_Min                                  0x200001a9   Data           1  bsp_user_lib.o(.data)
    Cur_Sec                                  0x200001aa   Data           1  bsp_user_lib.o(.data)
    guionData                                0x200001ac   Data           4  bsp_user_lib.o(.data)
    tide_min                                 0x200001b0   Data           4  bsp_user_lib.o(.data)
    freq_3sec                                0x200001b4   Data           4  bsp_user_lib.o(.data)
    freq_1min                                0x200001b8   Data           4  bsp_user_lib.o(.data)
    cur_min_tide                             0x200001bc   Data           4  bsp_user_lib.o(.data)
    TxCounter5                               0x200001c0   Data           1  bsp_user_lib.o(.data)
    TxPointer5                               0x200001c1   Data           1  bsp_user_lib.o(.data)
    RxCounter5                               0x200001c2   Data           1  bsp_user_lib.o(.data)
    RxPointer5                               0x200001c3   Data           1  bsp_user_lib.o(.data)
    TR_FLAG5                                 0x200001c4   Data           1  bsp_user_lib.o(.data)
    Tx_Fra_Len5                              0x200001c5   Data           1  bsp_user_lib.o(.data)
    Rx_Fra_Len5                              0x200001c6   Data           1  bsp_user_lib.o(.data)
    R_interval5                              0x200001c7   Data           1  bsp_user_lib.o(.data)
    Com_Type5                                0x200001c8   Data           1  bsp_user_lib.o(.data)
    TxCounter2                               0x200001c9   Data           1  bsp_user_lib.o(.data)
    TxPointer2                               0x200001ca   Data           1  bsp_user_lib.o(.data)
    RxCounter2                               0x200001cb   Data           1  bsp_user_lib.o(.data)
    RxPointer2                               0x200001cc   Data           1  bsp_user_lib.o(.data)
    TR_FLAG2                                 0x200001cd   Data           1  bsp_user_lib.o(.data)
    Tx_Fra_Len2                              0x200001ce   Data           1  bsp_user_lib.o(.data)
    Rx_Fra_Len2                              0x200001cf   Data           1  bsp_user_lib.o(.data)
    R_interval2                              0x200001d0   Data           1  bsp_user_lib.o(.data)
    Com_Type2                                0x200001d1   Data           1  bsp_user_lib.o(.data)
    S_Addr                                   0x200001d2   Data           1  bsp_user_lib.o(.data)
    Temp_fVal                                0x200001d4   Data           4  bsp_user_lib.o(.data)
    Hum_fVal                                 0x200001d8   Data           4  bsp_user_lib.o(.data)
    g_tCurrent                               0x200001dc   Data           8  bsp_user_lib.o(.data)
    g_tHost                                  0x200001e4   Data           8  bsp_user_lib.o(.data)
    alt_value                                0x200001ec   Data           4  bsp_user_lib.o(.data)
    sent_checksum                            0x200001f0   Data           4  bsp_user_lib.o(.data)
    IC2Value                                 0x200001f4   Data           2  stm32f10x_it.o(.data)
    Frequency                                0x200001f8   Data           4  stm32f10x_it.o(.data)
    freq_index                               0x200001fc   Data           2  stm32f10x_it.o(.data)
    measure_success_flag                     0x200001fe   Data           1  stm32f10x_it.o(.data)
    gauge_timeout_flag                       0x200001ff   Data           1  stm32f10x_it.o(.data)
    freq_en                                  0x20000200   Data           1  stm32f10x_it.o(.data)
    Timer4_Counter                           0x20000204   Data           4  stm32f10x_it.o(.data)
    g_tRTC                                   0x2000020a   Data           8  bsp_cpu_rtc.o(.data)
    os_robin                                 0x20000228   Data           8  rt_robin.o(.data)
    os_tick_irqn                             0x20000230   Data           4  rt_system.o(.data)
    os_tsk                                   0x20000238   Data           8  rt_task.o(.data)
    os_time                                  0x20000240   Data           4  rt_time.o(.data)
    os_tmr                                   0x20000244   Data           8  rt_timer.o(.data)
    mp_tcb                                   0x20007b58   Data         572  rtx_conf_cm.o(.bss)
    mp_stk                                   0x20007d98   Data        1040  rtx_conf_cm.o(.bss)
    os_fifo                                  0x200081a8   Data         132  rtx_conf_cm.o(.bss)
    os_active_TCB                            0x2000822c   Data          40  rtx_conf_cm.o(.bss)
    cjq_pz                                   0x20008254   Data         220  bsp.o(.bss)
    H_State                                  0x20008a80   Data          20  bsp_user_lib.o(.bss)
    gauge_temp                               0x20008a94   Data          16  bsp_user_lib.o(.bss)
    JZXX_NO                                  0x20008ba4   Data          56  bsp_user_lib.o(.bss)
    JZSX_NO                                  0x20008bdc   Data          56  bsp_user_lib.o(.bss)
    CYBHL_NO                                 0x20008c14   Data          56  bsp_user_lib.o(.bss)
    CWBHL_NO                                 0x20008c4c   Data          56  bsp_user_lib.o(.bss)
    ZXBHL_NO                                 0x20008c84   Data          56  bsp_user_lib.o(.bss)
    Alarm_NO                                 0x20008cbc   Data          24  bsp_user_lib.o(.bss)
    tide_sec                                 0x20008cd4   Data          12  bsp_user_lib.o(.bss)
    tide_3s                                  0x20008ce0   Data          80  bsp_user_lib.o(.bss)
    tide_temp                                0x20008d30   Data          80  bsp_user_lib.o(.bss)
    diff                                     0x20008d80   Data          12  bsp_user_lib.o(.bss)
    RxBuffer5                                0x20008d8c   Data          32  bsp_user_lib.o(.bss)
    RxBuffer2                                0x20008dac   Data          64  bsp_user_lib.o(.bss)
    TxBuffer2                                0x20008dec   Data          32  bsp_user_lib.o(.bss)
    freq                                     0x20009384   Data         192  stm32f10x_it.o(.bss)
    os_rdy                                   0x20009444   Data          24  rt_list.o(.bss)
    os_dly                                   0x2000945c   Data          24  rt_list.o(.bss)
    os_idle_TCB                              0x20009474   Data          56  rt_task.o(.bss)
    __initial_sp                             0x20009cb0   Data           0  startup_stm32f10x_hd.o(STACK)



==============================================================================

Memory Map of the image

  Image Entry point : 0x08000131

  Load Region LR_IROM1 (Base: 0x08000000, Size: 0x00006698, Max: 0x00080000, ABSOLUTE, COMPRESSED[0x00006520])

    Execution Region ER_IROM1 (Base: 0x08000000, Size: 0x00006444, Max: 0x00080000, ABSOLUTE)

    Base Addr    Size         Type   Attr      Idx    E Section Name        Object

    0x08000000   0x00000130   Data   RO         1378    RESET               startup_stm32f10x_hd.o
    0x08000130   0x00000000   Code   RO         3826  * .ARM.Collect$$$$00000000  mc_w.l(entry.o)
    0x08000130   0x00000004   Code   RO         4124    .ARM.Collect$$$$00000001  mc_w.l(entry2.o)
    0x08000134   0x00000004   Code   RO         4127    .ARM.Collect$$$$00000004  mc_w.l(entry5.o)
    0x08000138   0x00000000   Code   RO         4129    .ARM.Collect$$$$00000008  mc_w.l(entry7b.o)
    0x08000138   0x00000000   Code   RO         4131    .ARM.Collect$$$$0000000A  mc_w.l(entry8b.o)
    0x08000138   0x00000008   Code   RO         4132    .ARM.Collect$$$$0000000B  mc_w.l(entry9a.o)
    0x08000140   0x00000000   Code   RO         4134    .ARM.Collect$$$$0000000D  mc_w.l(entry10a.o)
    0x08000140   0x00000000   Code   RO         4136    .ARM.Collect$$$$0000000F  mc_w.l(entry11a.o)
    0x08000140   0x00000004   Code   RO         4125    .ARM.Collect$$$$00002712  mc_w.l(entry2.o)
    0x08000144   0x00000154   Code   RO         3778    .emb_text           hal_cm3.o
    0x08000298   0x00000034   Code   RO         1379    .text               startup_stm32f10x_hd.o
    0x080002cc   0x0000000c   Code   RO         3831    .text               mc_w.l(toupper.o)
    0x080002d8   0x00000024   Code   RO         3833    .text               mc_w.l(memcpya.o)
    0x080002fc   0x00000018   Code   RO         3835    .text               mc_w.l(strcat.o)
    0x08000314   0x00000024   Code   RO         3837    .text               mc_w.l(strstr.o)
    0x08000338   0x0000000e   Code   RO         3839    .text               mc_w.l(strlen.o)
    0x08000346   0x0000001a   Code   RO         3841    .text               mc_w.l(memcmp.o)
    0x08000360   0x00000012   Code   RO         3843    .text               mc_w.l(strcpy.o)
    0x08000372   0x0000001e   Code   RO         3845    .text               mc_w.l(strncmp.o)
    0x08000390   0x00000044   Code   RO         3847    .text               mc_w.l(strtok.o)
    0x080003d4   0x0000001a   Code   RO         4116    .text               mc_w.l(atoi.o)
    0x080003ee   0x0000006c   Code   RO         4118    .text               mf_w.l(fmul.o)
    0x0800045a   0x00000026   Code   RO         4120    .text               mf_w.l(f2d.o)
    0x08000480   0x00000038   Code   RO         4122    .text               mf_w.l(d2f.o)
    0x080004b8   0x0000002c   Code   RO         4138    .text               mc_w.l(uidiv.o)
    0x080004e4   0x00000062   Code   RO         4140    .text               mc_w.l(uldiv.o)
    0x08000546   0x00000002   PAD
    0x08000548   0x0000009c   Code   RO         4149    .text               mc_w.l(strtod.o)
    0x080005e4   0x00000070   Code   RO         4151    .text               mc_w.l(strtol.o)
    0x08000654   0x00000000   Code   RO         4153    .text               mc_w.l(iusefp.o)
    0x08000654   0x0000006c   Code   RO         4154    .text               mf_w.l(fepilogue.o)
    0x080006c0   0x0000014e   Code   RO         4156    .text               mf_w.l(dadd.o)
    0x0800080e   0x000000e4   Code   RO         4158    .text               mf_w.l(dmul.o)
    0x080008f2   0x000000de   Code   RO         4160    .text               mf_w.l(ddiv.o)
    0x080009d0   0x00000030   Code   RO         4162    .text               mf_w.l(dfixul.o)
    0x08000a00   0x00000028   Code   RO         4164    .text               mf_w.l(cdrcmple.o)
    0x08000a28   0x00000024   Code   RO         4166    .text               mc_w.l(init.o)
    0x08000a4c   0x0000001e   Code   RO         4168    .text               mc_w.l(llshl.o)
    0x08000a6a   0x00000020   Code   RO         4170    .text               mc_w.l(llushr.o)
    0x08000a8a   0x00000024   Code   RO         4172    .text               mc_w.l(llsshr.o)
    0x08000aae   0x00000002   PAD
    0x08000ab0   0x00000008   Code   RO         4176    .text               mc_w.l(ctype_o.o)
    0x08000ab8   0x00000012   Code   RO         4198    .text               mc_w.l(isspace_o.o)
    0x08000aca   0x00000002   PAD
    0x08000acc   0x0000033c   Code   RO         4204    .text               mc_w.l(scanf_fp.o)
    0x08000e08   0x00000040   Code   RO         4208    .text               mc_w.l(_sgetc.o)
    0x08000e48   0x0000009e   Code   RO         4210    .text               mc_w.l(_strtoul.o)
    0x08000ee6   0x000000be   Code   RO         4212    .text               mf_w.l(depilogue.o)
    0x08000fa4   0x0000001c   Code   RO         4217    .text               mc_w.l(_chval.o)
    0x08000fc0   0x00000018   Code   RO         4219    .text               mf_w.l(dfltul.o)
    0x08000fd8   0x0000005c   Code   RO         4229    .text               mc_w.l(__dczerorl2.o)
    0x08001034   0x00000004   Code   RO         3819    SVC_TABLE           svc_table.o
    0x08001038   0x00000228   Code   RO          703    i.Analyze_Gauge     bsp_user_lib.o
    0x08001260   0x000000dc   Code   RO          704    i.Analyze_Humit     bsp_user_lib.o
    0x0800133c   0x00000040   Code   RO            3    i.AppTaskAtmos      main.o
    0x0800137c   0x00000028   Code   RO            4    i.AppTaskComm       main.o
    0x080013a4   0x00000150   Code   RO            5    i.AppTaskCreate     main.o
    0x080014f4   0x00000024   Code   RO            6    i.AppTaskCtl        main.o
    0x08001518   0x00000024   Code   RO            7    i.AppTaskDAQ        main.o
    0x0800153c   0x00000180   Code   RO            8    i.AppTaskGauge      main.o
    0x080016bc   0x00000088   Code   RO            9    i.AppTaskHumit      main.o
    0x08001744   0x00000008   Code   RO           10    i.AppTaskMsgPro     main.o
    0x0800174c   0x00000050   Code   RO           11    i.AppTaskSTA        main.o
    0x0800179c   0x00000028   Code   RO           12    i.AppTaskStart      main.o
    0x080017c4   0x00000002   Code   RO           13    i.AppTaskWaterTemp  main.o
    0x080017c6   0x00000002   PAD
    0x080017c8   0x00000034   Code   RO           14    i.AppTaskWdg        main.o
    0x080017fc   0x00000010   Code   RO         1431    i.BKP_DeInit        stm32f10x_bkp.o
    0x0800180c   0x0000001c   Code   RO         1436    i.BKP_ReadBackupRegister  stm32f10x_bkp.o
    0x08001828   0x0000001c   Code   RO         1440    i.BKP_WriteBackupRegister  stm32f10x_bkp.o
    0x08001844   0x00000004   Code   RO          952    i.BusFault_Handler  stm32f10x_it.o
    0x08001848   0x00000024   Code   RO          489    i.ComToUart         bsp_uart_fifo.o
    0x0800186c   0x0000009a   Code   RO         1353    i.ConfigTimerNVIC   bsp_timer.o
    0x08001906   0x0000007c   Code   RO          490    i.ConfigUartNVIC    bsp_uart_fifo.o
    0x08001982   0x00000002   Code   RO          953    i.DebugMon_Handler  stm32f10x_it.o
    0x08001984   0x00000020   Code   RO          711    i.EXTI9_5_IRQHandler  bsp_user_lib.o
    0x080019a4   0x0000000c   Code   RO         1516    i.EXTI_ClearITPendingBit  stm32f10x_exti.o
    0x080019b0   0x00000028   Code   RO         1520    i.EXTI_GetITStatus  stm32f10x_exti.o
    0x080019d8   0x00000094   Code   RO         1521    i.EXTI_Init         stm32f10x_exti.o
    0x08001a6c   0x00000040   Code   RO         1580    i.GPIO_EXTILineConfig  stm32f10x_gpio.o
    0x08001aac   0x00000112   Code   RO         1583    i.GPIO_Init         stm32f10x_gpio.o
    0x08001bbe   0x00000004   Code   RO         1590    i.GPIO_ResetBits    stm32f10x_gpio.o
    0x08001bc2   0x00000002   PAD
    0x08001bc4   0x00000010   Code   RO         2901    i.IWDG_Enable       stm32f10x_iwdg.o
    0x08001bd4   0x00000010   Code   RO         2903    i.IWDG_ReloadCounter  stm32f10x_iwdg.o
    0x08001be4   0x0000000c   Code   RO         2904    i.IWDG_SetPrescaler  stm32f10x_iwdg.o
    0x08001bf0   0x0000000c   Code   RO         2905    i.IWDG_SetReload    stm32f10x_iwdg.o
    0x08001bfc   0x0000000c   Code   RO         2906    i.IWDG_WriteAccessCmd  stm32f10x_iwdg.o
    0x08001c08   0x000002b0   Code   RO          491    i.InitHardUart      bsp_uart_fifo.o
    0x08001eb8   0x0000016c   Code   RO          364    i.Initialize_Cjq_Pz  bsp.o
    0x08002024   0x0000003a   Code   RO         1098    i.Is_Leap_Year      bsp_cpu_rtc.o
    0x0800205e   0x00000004   Code   RO          955    i.MemManage_Handler  stm32f10x_it.o
    0x08002062   0x00000002   Code   RO          956    i.NMI_Handler       stm32f10x_it.o
    0x08002064   0x00000074   Code   RO         1385    i.NVIC_Init         misc.o
    0x080020d8   0x00000014   Code   RO         1386    i.NVIC_PriorityGroupConfig  misc.o
    0x080020ec   0x0000000c   Code   RO         1699    i.PWR_BackupAccessCmd  stm32f10x_pwr.o
    0x080020f8   0x00000158   Code   RO          715    i.Process_ALT_Command  bsp_user_lib.o
    0x08002250   0x0000025c   Code   RO          716    i.Process_DATETIME_Command  bsp_user_lib.o
    0x080024ac   0x000001c0   Code   RO          717    i.Process_DNO_Command  bsp_user_lib.o
    0x0800266c   0x00000318   Code   RO          718    i.Process_Host_Message  bsp_user_lib.o
    0x08002984   0x000001cc   Code   RO          719    i.Process_ID_Command  bsp_user_lib.o
    0x08002b50   0x0000000c   Code   RO          720    i.Process_Reset_Command  bsp_user_lib.o
    0x08002b5c   0x0000038c   Code   RO          721    i.Process_SENST_Command  bsp_user_lib.o
    0x08002ee8   0x0000000c   Code   RO          722    i.Process_Snapshot_Command  bsp_user_lib.o
    0x08002ef4   0x00000020   Code   RO         1768    i.RCC_AHBPeriphClockCmd  stm32f10x_rcc.o
    0x08002f14   0x00000020   Code   RO         1769    i.RCC_APB1PeriphClockCmd  stm32f10x_rcc.o
    0x08002f34   0x00000020   Code   RO         1771    i.RCC_APB2PeriphClockCmd  stm32f10x_rcc.o
    0x08002f54   0x0000000c   Code   RO         1774    i.RCC_BackupResetCmd  stm32f10x_rcc.o
    0x08002f60   0x00000014   Code   RO         1775    i.RCC_ClearFlag     stm32f10x_rcc.o
    0x08002f74   0x000000d4   Code   RO         1779    i.RCC_GetClocksFreq  stm32f10x_rcc.o
    0x08003048   0x0000003c   Code   RO         1780    i.RCC_GetFlagStatus  stm32f10x_rcc.o
    0x08003084   0x00000034   Code   RO         1787    i.RCC_LSEConfig     stm32f10x_rcc.o
    0x080030b8   0x0000000c   Code   RO         1788    i.RCC_LSICmd        stm32f10x_rcc.o
    0x080030c4   0x0000000c   Code   RO         1794    i.RCC_RTCCLKCmd     stm32f10x_rcc.o
    0x080030d0   0x00000010   Code   RO         1795    i.RCC_RTCCLKConfig  stm32f10x_rcc.o
    0x080030e0   0x0000002c   Code   RO          492    i.RS485_InitTXE     bsp_uart_fifo.o
    0x0800310c   0x000000ba   Code   RO         1099    i.RTC_CalcWeek      bsp_cpu_rtc.o
    0x080031c6   0x00000002   PAD
    0x080031c8   0x00000010   Code   RO         2952    i.RTC_ClearITPendingBit  stm32f10x_rtc.o
    0x080031d8   0x00000014   Code   RO         2953    i.RTC_EnterConfigMode  stm32f10x_rtc.o
    0x080031ec   0x00000014   Code   RO         2954    i.RTC_ExitConfigMode  stm32f10x_rtc.o
    0x08003200   0x0000002c   Code   RO         2955    i.RTC_GetCounter    stm32f10x_rtc.o
    0x0800322c   0x00000024   Code   RO         2958    i.RTC_GetITStatus   stm32f10x_rtc.o
    0x08003250   0x00000060   Code   RO           16    i.RTC_IRQHandler    main.o
    0x080032b0   0x00000020   Code   RO         2959    i.RTC_ITConfig      stm32f10x_rtc.o
    0x080032d0   0x000000fc   Code   RO         1100    i.RTC_ReadClock     bsp_cpu_rtc.o
    0x080033cc   0x0000001c   Code   RO         2961    i.RTC_SetCounter    stm32f10x_rtc.o
    0x080033e8   0x00000020   Code   RO         2962    i.RTC_SetPrescaler  stm32f10x_rtc.o
    0x08003408   0x00000014   Code   RO         2963    i.RTC_WaitForLastTask  stm32f10x_rtc.o
    0x0800341c   0x00000020   Code   RO         2964    i.RTC_WaitForSynchro  stm32f10x_rtc.o
    0x0800343c   0x000000c0   Code   RO         1101    i.RTC_WriteClock    bsp_cpu_rtc.o
    0x080034fc   0x00000006   Code   RO           17    i.R_485_Ctrl        main.o
    0x08003502   0x00000002   PAD
    0x08003504   0x00000084   Code   RO          723    i.Read_From_Gauge   bsp_user_lib.o
    0x08003588   0x000000d4   Code   RO          724    i.Read_From_WSD     bsp_user_lib.o
    0x0800365c   0x00000018   Code   RO         3054    i.SPI_Cmd           stm32f10x_spi.o
    0x08003674   0x00000040   Code   RO          725    i.SendHeart_Com1    bsp_user_lib.o
    0x080036b4   0x0000017c   Code   RO          726    i.SendTcp_Com1      bsp_user_lib.o
    0x08003830   0x00000008   Code   RO         3201    i.SetSysClock       system_stm32f10x.o
    0x08003838   0x000000dc   Code   RO         3202    i.SetSysClockTo72   system_stm32f10x.o
    0x08003914   0x00000054   Code   RO          727    i.StringToInt       bsp_user_lib.o
    0x08003968   0x00000060   Code   RO         3204    i.SystemInit        system_stm32f10x.o
    0x080039c8   0x00000014   Code   RO           18    i.TASK1_CallBack1   main.o
    0x080039dc   0x00000018   Code   RO           19    i.TASK1_CallBack2   main.o
    0x080039f4   0x00000080   Code   RO         2345    i.TI1_Config        stm32f10x_tim.o
    0x08003a74   0x00000098   Code   RO         2346    i.TI2_Config        stm32f10x_tim.o
    0x08003b0c   0x00000068   Code   RO          728    i.TIM2_IRQHandler   bsp_user_lib.o
    0x08003b74   0x0000001c   Code   RO          729    i.TIM3_IRQHandler   bsp_user_lib.o
    0x08003b90   0x0000007c   Code   RO          957    i.TIM4_IRQHandler   stm32f10x_it.o
    0x08003c0c   0x000000a8   Code   RO          958    i.TIM5_IRQHandler   stm32f10x_it.o
    0x08003cb4   0x00000018   Code   RO         2349    i.TIM_ARRPreloadConfig  stm32f10x_tim.o
    0x08003ccc   0x00000034   Code   RO           20    i.TIM_CallBack1     main.o
    0x08003d00   0x00000014   Code   RO           21    i.TIM_CallBack2     main.o
    0x08003d14   0x00000014   Code   RO           22    i.TIM_CallBack3     main.o
    0x08003d28   0x00000014   Code   RO           23    i.TIM_CallBack4     main.o
    0x08003d3c   0x00000006   Code   RO         2355    i.TIM_ClearFlag     stm32f10x_tim.o
    0x08003d42   0x00000006   Code   RO         2356    i.TIM_ClearITPendingBit  stm32f10x_tim.o
    0x08003d48   0x00000018   Code   RO         2361    i.TIM_Cmd           stm32f10x_tim.o
    0x08003d60   0x00000006   Code   RO         2377    i.TIM_GetCapture2   stm32f10x_tim.o
    0x08003d66   0x00000022   Code   RO         2382    i.TIM_GetITStatus   stm32f10x_tim.o
    0x08003d88   0x00000012   Code   RO         2386    i.TIM_ITConfig      stm32f10x_tim.o
    0x08003d9a   0x0000007c   Code   RO         2409    i.TIM_PWMIConfig    stm32f10x_tim.o
    0x08003e16   0x00000012   Code   RO         2414    i.TIM_SelectInputTrigger  stm32f10x_tim.o
    0x08003e28   0x00000012   Code   RO         2415    i.TIM_SelectMasterSlaveMode  stm32f10x_tim.o
    0x08003e3a   0x00000012   Code   RO         2419    i.TIM_SelectSlaveMode  stm32f10x_tim.o
    0x08003e4c   0x00000012   Code   RO         2427    i.TIM_SetIC1Prescaler  stm32f10x_tim.o
    0x08003e5e   0x0000001a   Code   RO         2428    i.TIM_SetIC2Prescaler  stm32f10x_tim.o
    0x08003e78   0x000000a4   Code   RO         2432    i.TIM_TimeBaseInit  stm32f10x_tim.o
    0x08003f1c   0x000000b0   Code   RO          730    i.UART5_IRQHandler  bsp_user_lib.o
    0x08003fcc   0x00000010   Code   RO          493    i.USART1_IRQHandler  bsp_uart_fifo.o
    0x08003fdc   0x000001fc   Code   RO          731    i.USART2_IRQHandler  bsp_user_lib.o
    0x080041d8   0x00000010   Code   RO          494    i.USART3_IRQHandler  bsp_uart_fifo.o
    0x080041e8   0x00000014   Code   RO           24    i.USART_CallBack2   main.o
    0x080041fc   0x00000012   Code   RO         1975    i.USART_ClearFlag   stm32f10x_usart.o
    0x0800420e   0x0000001e   Code   RO         1976    i.USART_ClearITPendingBit  stm32f10x_usart.o
    0x0800422c   0x00000018   Code   RO         1979    i.USART_Cmd         stm32f10x_usart.o
    0x08004244   0x00000054   Code   RO         1983    i.USART_GetITStatus  stm32f10x_usart.o
    0x08004298   0x0000004a   Code   RO         1985    i.USART_ITConfig    stm32f10x_usart.o
    0x080042e2   0x00000002   PAD
    0x080042e4   0x000000d8   Code   RO         1986    i.USART_Init        stm32f10x_usart.o
    0x080043bc   0x0000000a   Code   RO         1993    i.USART_ReceiveData  stm32f10x_usart.o
    0x080043c6   0x00000008   Code   RO         1996    i.USART_SendData    stm32f10x_usart.o
    0x080043ce   0x0000004e   Code   RO          495    i.Uart1GetChar      bsp_uart_fifo.o
    0x0800441c   0x000000e6   Code   RO          498    i.UartIRQ           bsp_uart_fifo.o
    0x08004502   0x0000007e   Code   RO          499    i.UartSend          bsp_uart_fifo.o
    0x08004580   0x0000007c   Code   RO          500    i.UartVarInit       bsp_uart_fifo.o
    0x080045fc   0x00000004   Code   RO          959    i.UsageFault_Handler  stm32f10x_it.o
    0x08004600   0x00000020   Code   RO         4088    i.__0printf         mc_w.l(printfa.o)
    0x08004620   0x00000028   Code   RO         4090    i.__0sprintf        mc_w.l(printfa.o)
    0x08004648   0x00000008   Code   RO         4142    i.__aeabi_errno_addr  mc_w.l(errno.o)
    0x08004650   0x0000000c   Code   RO         4143    i.__read_errno      mc_w.l(errno.o)
    0x0800465c   0x0000000e   Code   RO         4223    i.__scatterload_copy  mc_w.l(handlers.o)
    0x0800466a   0x00000002   Code   RO         4224    i.__scatterload_null  mc_w.l(handlers.o)
    0x0800466c   0x0000000e   Code   RO         4225    i.__scatterload_zeroinit  mc_w.l(handlers.o)
    0x0800467a   0x00000006   Code   RO          501    i.__set_PRIMASK     bsp_uart_fifo.o
    0x08004680   0x0000000c   Code   RO         4144    i.__set_errno       mc_w.l(errno.o)
    0x0800468c   0x0000015c   Code   RO         4095    i._fp_digits        mc_w.l(printfa.o)
    0x080047e8   0x00000058   Code   RO         3436    i._init_box         rt_membox.o
    0x08004840   0x0000000e   Code   RO         4206    i._is_digit         mc_w.l(scanf_fp.o)
    0x0800484e   0x00000002   PAD
    0x08004850   0x000006f0   Code   RO         4096    i._printf_core      mc_w.l(printfa.o)
    0x08004f40   0x00000026   Code   RO         4097    i._printf_post_padding  mc_w.l(printfa.o)
    0x08004f66   0x00000030   Code   RO         4098    i._printf_pre_padding  mc_w.l(printfa.o)
    0x08004f96   0x0000000a   Code   RO         4100    i._sputc            mc_w.l(printfa.o)
    0x08004fa0   0x0000002a   Code   RO         3823    i.atof              m_ws.l(atof.o)
    0x08004fca   0x00000002   PAD
    0x08004fcc   0x00000088   Code   RO          365    i.bsp_Init          bsp.o
    0x08005054   0x00000160   Code   RO         1354    i.bsp_InitHardTimer  bsp_timer.o
    0x080051b4   0x00000040   Code   RO         1148    i.bsp_InitIwdg      bsp_iwdg.o
    0x080051f4   0x00000064   Code   RO          403    i.bsp_InitLed       bsp_led.o
    0x08005258   0x00000228   Code   RO          732    i.bsp_InitOthers    bsp_user_lib.o
    0x08005480   0x0000009c   Code   RO         1102    i.bsp_InitRTC       bsp_cpu_rtc.o
    0x0800551c   0x0000007c   Code   RO         1168    i.bsp_InitSPIBus    bsp_spi_bus.o
    0x08005598   0x00000014   Code   RO          503    i.bsp_InitUart      bsp_uart_fifo.o
    0x080055ac   0x00000014   Code   RO          407    i.bsp_Led1Toggle    bsp_led.o
    0x080055c0   0x00000014   Code   RO          410    i.bsp_Led3Toggle    bsp_led.o
    0x080055d4   0x0000002c   Code   RO         1169    i.bsp_SPI_Init      bsp_spi_bus.o
    0x08005600   0x0000001c   Code   RO          507    i.com1GetChar       bsp_uart_fifo.o
    0x0800561c   0x0000002e   Code   RO          517    i.comSendBuf        bsp_uart_fifo.o
    0x0800564a   0x00000002   PAD
    0x0800564c   0x0000001c   Code   RO          519    i.fputc             bsp_uart_fifo.o
    0x08005668   0x00000004   Code   RO          960    i.hard_fault_handler_c  stm32f10x_it.o
    0x0800566c   0x00000028   Code   RO         3241    i.isr_evt_set       rt_event.o
    0x08005694   0x00000028   Code   RO           27    i.main              main.o
    0x080056bc   0x00000004   Code   RO          327    i.os_error          rtx_conf_cm.o
    0x080056c0   0x00000004   Code   RO          328    i.os_idle_demon     rtx_conf_cm.o
    0x080056c4   0x00000030   Code   RO         3550    i.os_tick_init      rt_system.o
    0x080056f4   0x00000002   Code   RO         3551    i.os_tick_irqack    rt_system.o
    0x080056f6   0x00000002   Code   RO          329    i.os_tmr_call       rtx_conf_cm.o
    0x080056f8   0x0000001e   Code   RO         3437    i.rt_alloc_box      rt_membox.o
    0x08005716   0x00000002   PAD
    0x08005718   0x00000038   Code   RO         3634    i.rt_block          rt_task.o
    0x08005750   0x00000058   Code   RO         3492    i.rt_chk_robin      rt_robin.o
    0x080057a8   0x00000094   Code   RO         3302    i.rt_dec_dly        rt_list.o
    0x0800583c   0x00000050   Code   RO         3635    i.rt_dispatch       rt_task.o
    0x0800588c   0x0000000e   Code   RO         3718    i.rt_dly_wait       rt_time.o
    0x0800589a   0x00000002   PAD
    0x0800589c   0x0000000c   Code   RO         3243    i.rt_evt_get        rt_event.o
    0x080058a8   0x00000058   Code   RO         3244    i.rt_evt_psh        rt_event.o
    0x08005900   0x0000006c   Code   RO         3245    i.rt_evt_set        rt_event.o
    0x0800596c   0x00000074   Code   RO         3246    i.rt_evt_wait       rt_event.o
    0x080059e0   0x00000024   Code   RO         3438    i.rt_free_box       rt_membox.o
    0x08005a04   0x00000028   Code   RO         3636    i.rt_get_TID        rt_task.o
    0x08005a2c   0x00000032   Code   RO         3303    i.rt_get_first      rt_list.o
    0x08005a5e   0x00000002   PAD
    0x08005a60   0x0000004c   Code   RO         3637    i.rt_init_context   rt_task.o
    0x08005aac   0x00000018   Code   RO         3493    i.rt_init_robin     rt_robin.o
    0x08005ac4   0x00000054   Code   RO         3782    i.rt_init_stack     hal_cm3.o
    0x08005b18   0x000000d4   Code   RO         3387    i.rt_mbx_psh        rt_mailbox.o
    0x08005bec   0x000000a4   Code   RO         3552    i.rt_pop_req        rt_system.o
    0x08005c90   0x00000024   Code   RO         3553    i.rt_psh_req        rt_system.o
    0x08005cb4   0x00000074   Code   RO         3305    i.rt_psq_enq        rt_list.o
    0x08005d28   0x0000005c   Code   RO         3306    i.rt_put_dly        rt_list.o
    0x08005d84   0x00000040   Code   RO         3307    i.rt_put_prio       rt_list.o
    0x08005dc4   0x00000014   Code   RO         3308    i.rt_put_rdy_first  rt_list.o
    0x08005dd8   0x00000028   Code   RO         3310    i.rt_rmv_dly        rt_list.o
    0x08005e00   0x00000038   Code   RO         3515    i.rt_sem_psh        rt_semaphore.o
    0x08005e38   0x00000030   Code   RO         3555    i.rt_stk_check      rt_system.o
    0x08005e68   0x00000010   Code   RO         3638    i.rt_switch_req     rt_task.o
    0x08005e78   0x00000184   Code   RO         3639    i.rt_sys_init       rt_task.o
    0x08005ffc   0x00000044   Code   RO         3557    i.rt_systick        rt_system.o
    0x08006040   0x0000004c   Code   RO         3753    i.rt_tmr_tick       rt_timer.o
    0x0800608c   0x0000006c   Code   RO         3640    i.rt_tsk_create     rt_task.o
    0x080060f8   0x00000028   Data   RO          331    .constdata          rtx_conf_cm.o
    0x08006120   0x0000004b   Data   RO          367    .constdata          bsp.o
    0x0800616b   0x0000021e   Data   RO          741    .constdata          bsp_user_lib.o
    0x08006389   0x0000000c   Data   RO         1103    .constdata          bsp_cpu_rtc.o
    0x08006395   0x00000003   PAD
    0x08006398   0x00000004   Data   RO         3560    .constdata          rt_system.o
    0x0800639c   0x00000081   Data   RO         4177    .constdata          mc_w.l(ctype_o.o)
    0x0800641d   0x00000003   PAD
    0x08006420   0x00000004   Data   RO         4178    .constdata          mc_w.l(ctype_o.o)
    0x08006424   0x00000020   Data   RO         4221    Region$$Table       anon$$obj.o


    Execution Region RW_IRAM1 (Base: 0x20000000, Size: 0x00009cb0, Max: 0x00010000, ABSOLUTE, COMPRESSED[0x000000dc])

    Base Addr    Size         Type   Attr      Idx    E Section Name        Object

    0x20000000   0x00000038   Data   RW           29    .data               main.o
    0x20000038   0x00000004   Data   RW          332    .data               rtx_conf_cm.o
    0x2000003c   0x00000010   Data   RW          368    .data               bsp.o
    0x2000004c   0x00000004   Data   RW          523    .data               bsp_uart_fifo.o
    0x20000050   0x000001a4   Data   RW          742    .data               bsp_user_lib.o
    0x200001f4   0x00000014   Data   RW          962    .data               stm32f10x_it.o
    0x20000208   0x0000000a   Data   RW         1104    .data               bsp_cpu_rtc.o
    0x20000212   0x00000014   Data   RW         1799    .data               stm32f10x_rcc.o
    0x20000226   0x00000002   PAD
    0x20000228   0x00000008   Data   RW         3494    .data               rt_robin.o
    0x20000230   0x00000007   Data   RW         3561    .data               rt_system.o
    0x20000237   0x00000001   PAD
    0x20000238   0x00000008   Data   RW         3646    .data               rt_task.o
    0x20000240   0x00000004   Data   RW         3722    .data               rt_time.o
    0x20000244   0x00000008   Data   RW         3754    .data               rt_timer.o
    0x2000024c   0x00000004   Data   RW         3848    .data               mc_w.l(strtok.o)
    0x20000250   0x00000004   Data   RW         4145    .data               mc_w.l(errno.o)
    0x20000254   0x00000004   PAD
    0x20000258   0x00007900   Zero   RW           28    .bss                main.o
    0x20007b58   0x000006fc   Zero   RW          330    .bss                rtx_conf_cm.o
    0x20008254   0x000000dc   Zero   RW          366    .bss                bsp.o
    0x20008330   0x00000750   Zero   RW          522    .bss                bsp_uart_fifo.o
    0x20008a80   0x00000904   Zero   RW          740    .bss                bsp_user_lib.o
    0x20009384   0x000000c0   Zero   RW          961    .bss                stm32f10x_it.o
    0x20009444   0x00000030   Zero   RW         3312    .bss                rt_list.o
    0x20009474   0x00000038   Zero   RW         3645    .bss                rt_task.o
    0x200094ac   0x00000004   PAD
    0x200094b0   0x00000800   Zero   RW         1376    STACK               startup_stm32f10x_hd.o


==============================================================================

Image component sizes


      Code (inc. data)   RO Data    RW Data    ZI Data      Debug   Object Name

       500        140         75         16        220       4151   bsp.o
       844         34         12         10          0       4645   bsp_cpu_rtc.o
        64          0          0          0          0        547   bsp_iwdg.o
       140         16          0          0          0       1420   bsp_led.o
       168         12          0          0          0       1048   bsp_spi_bus.o
       506         18          0          0          0       1332   bsp_timer.o
      1610        110          0          4       1872      11904   bsp_uart_fifo.o
      6624       1216        542        420       2308      22850   bsp_user_lib.o
       424         40          0          0          0       1420   hal_cm3.o
      1532        392          0         56      30976     288562   main.o
       136         24          0          0          0       1691   misc.o
       364         26          0          0          0       4915   rt_event.o
       530         26          0          0         48       7122   rt_list.o
       212          4          0          0          0        685   rt_mailbox.o
       154          0          0          0          0       1969   rt_membox.o
       112         22          0          8          0       1174   rt_robin.o
        56          6          0          0          0        557   rt_semaphore.o
       366         54          4          7          0       4154   rt_system.o
       764        126          0          8         56       4898   rt_task.o
        14          0          0          4          0        716   rt_time.o
        76         10          0          8          0        751   rt_timer.o
        10          0         40          4       1788       9900   rtx_conf_cm.o
        52          8        304          0       2048        888   startup_stm32f10x_hd.o
        72         10          0          0          0       2876   stm32f10x_bkp.o
       200         18          0          0          0       2296   stm32f10x_exti.o
       342          4          0          0          0       3307   stm32f10x_gpio.o
       312         68          0         20        192       4758   stm32f10x_it.o
        68         30          0          0          0       2702   stm32f10x_iwdg.o
        12          6          0          0          0        554   stm32f10x_pwr.o
       492         78          0         20          0       9239   stm32f10x_rcc.o
       280         50          0          0          0       5696   stm32f10x_rtc.o
        24          0          0          0          0       1650   stm32f10x_spi.o
       784         84          0          0          0      10971   stm32f10x_tim.o
       464          6          0          0          0       7107   stm32f10x_usart.o
         4          4          0          0          0        204   svc_table.o
       324         26          0          0          0       1953   system_stm32f10x.o

    ----------------------------------------------------------------------
     18654       2668       1012        588      39512     430612   Object Totals
         0          0         32          0          0          0   (incl. Generated)
        18          0          3          3          4          0   (incl. Padding)

    ----------------------------------------------------------------------

      Code (inc. data)   RO Data    RW Data    ZI Data      Debug   Library Member Name

        42          0          0          0          0         84   atof.o
        92          0          0          0          0          0   __dczerorl2.o
        28          0          0          0          0         68   _chval.o
        64          0          0          0          0         84   _sgetc.o
       158          0          0          0          0         92   _strtoul.o
        26          0          0          0          0         80   atoi.o
         8          4        133          0          0         68   ctype_o.o
         0          0          0          0          0          0   entry.o
         0          0          0          0          0          0   entry10a.o
         0          0          0          0          0          0   entry11a.o
         8          4          0          0          0          0   entry2.o
         4          0          0          0          0          0   entry5.o
         0          0          0          0          0          0   entry7b.o
         0          0          0          0          0          0   entry8b.o
         8          4          0          0          0          0   entry9a.o
        32         16          0          4          0        204   errno.o
        30          0          0          0          0          0   handlers.o
        36          8          0          0          0         68   init.o
        18          0          0          0          0         76   isspace_o.o
         0          0          0          0          0          0   iusefp.o
        30          0          0          0          0         68   llshl.o
        36          0          0          0          0         68   llsshr.o
        32          0          0          0          0         68   llushr.o
        26          0          0          0          0         80   memcmp.o
        36          0          0          0          0         68   memcpya.o
      2292         96          0          0          0        596   printfa.o
       842         12          0          0          0        216   scanf_fp.o
        24          0          0          0          0         68   strcat.o
        18          0          0          0          0         68   strcpy.o
        14          0          0          0          0         68   strlen.o
        30          0          0          0          0         80   strncmp.o
        36          0          0          0          0         80   strstr.o
       156         14          0          0          0        120   strtod.o
        68          6          0          4          0         80   strtok.o
       112          0          0          0          0         88   strtol.o
        12          0          0          0          0         68   toupper.o
        44          0          0          0          0         80   uidiv.o
        98          0          0          0          0         92   uldiv.o
        40          2          0          0          0         68   cdrcmple.o
        56          0          0          0          0         88   d2f.o
       334          0          0          0          0        148   dadd.o
       222          0          0          0          0        100   ddiv.o
       190          0          0          0          0        176   depilogue.o
        48          0          0          0          0         68   dfixul.o
        24          0          0          0          0         76   dfltul.o
       228          0          0          0          0         96   dmul.o
        38          0          0          0          0         68   f2d.o
       108          0          0          0          0        168   fepilogue.o
       108          0          0          0          0         76   fmul.o

    ----------------------------------------------------------------------
      5866        166        136          8          4       4012   Library Totals
        10          0          3          0          4          0   (incl. Padding)

    ----------------------------------------------------------------------

      Code (inc. data)   RO Data    RW Data    ZI Data      Debug   Library Name

        42          0          0          0          0         84   m_ws.l
      4418        164        133          8          0       2796   mc_w.l
      1396          2          0          0          0       1132   mf_w.l

    ----------------------------------------------------------------------
      5866        166        136          8          4       4012   Library Totals

    ----------------------------------------------------------------------

==============================================================================


      Code (inc. data)   RO Data    RW Data    ZI Data      Debug   

     24520       2834       1148        596      39516     422924   Grand Totals
     24520       2834       1148        220      39516     422924   ELF Image Totals (compressed)
     24520       2834       1148        220          0          0   ROM Totals

==============================================================================

    Total RO  Size (Code + RO Data)                25668 (  25.07kB)
    Total RW  Size (RW Data + ZI Data)             40112 (  39.17kB)
    Total ROM Size (Code + RO Data + RW Data)      25888 (  25.28kB)

==============================================================================

